Archive member included to satisfy reference by file (symbol)

C:/devkitPro/libctru/lib\libctru.a(console.o)
                              main.o (consoleInit)
C:/devkitPro/libctru/lib\libctru.a(gfx.o)
                              C:/devkitPro/libctru/lib\libctru.a(console.o) (gfxIsWide)
C:/devkitPro/libctru/lib\libctru.a(apt.o)
                              main.o (aptMainLoop)
C:/devkitPro/libctru/lib\libctru.a(gspgpu.o)
                              C:/devkitPro/libctru/lib\libctru.a(gfx.o) (gspInit)
C:/devkitPro/libctru/lib\libctru.a(hid.o)
                              main.o (hidScanInput)
C:/devkitPro/libctru/lib\libctru.a(irrst.o)
                              C:/devkitPro/libctru/lib\libctru.a(hid.o) (irrstInit)
C:/devkitPro/libctru/lib\libctru.a(ctru_init.o)
                              C:/devkitPro/libctru/lib\libctru.a(apt.o) (__system_retAddr)
C:/devkitPro/libctru/lib\libctru.a(initArgv.o)
                              C:/devkitPro/libctru/lib\libctru.a(ctru_init.o) (__system_initArgv)
C:/devkitPro/libctru/lib\libctru.a(syscalls.o)
                              C:/devkitPro/libctru/lib\libctru.a(ctru_init.o) (__system_initSyscalls)
C:/devkitPro/libctru/lib\libctru.a(svc.o)
                              C:/devkitPro/libctru/lib\libctru.a(apt.o) (svcSleepThread)
C:/devkitPro/libctru/lib\libctru.a(stack_adjust.o)
                              C:/devkitPro/devkitARM/bin/../lib/gcc/arm-none-eabi/14.1.0/../../../../arm-none-eabi/lib/armv6k/fpu/3dsx_crt0.o (initSystem)
C:/devkitPro/libctru/lib\libctru.a(default_font.bin.o)
                              C:/devkitPro/libctru/lib\libctru.a(console.o) (default_font_bin)
C:/devkitPro/libctru/lib\libctru.a(linear.o)
                              C:/devkitPro/libctru/lib\libctru.a(gfx.o) (linearAlloc)
C:/devkitPro/libctru/lib\libctru.a(mem_pool.o)
                              C:/devkitPro/libctru/lib\libctru.a(linear.o) (MemPool::Allocate(MemChunk&, unsigned long, int))
C:/devkitPro/libctru/lib\libctru.a(vram.o)
                              C:/devkitPro/libctru/lib\libctru.a(gfx.o) (vramAlloc)
C:/devkitPro/libctru/lib\libctru.a(3dslink.o)
                              C:/devkitPro/libctru/lib\libctru.a(initArgv.o) (__3dslink_host)
C:/devkitPro/libctru/lib\libctru.a(env.o)
                              C:/devkitPro/libctru/lib\libctru.a(irrst.o) (envGetHandle)
C:/devkitPro/libctru/lib\libctru.a(os.o)
                              C:/devkitPro/libctru/lib\libctru.a(syscalls.o) (osGetTime)
C:/devkitPro/libctru/lib\libctru.a(srv.o)
                              C:/devkitPro/libctru/lib\libctru.a(apt.o) (srvInit)
C:/devkitPro/libctru/lib\libctru.a(synchronization.o)
                              C:/devkitPro/libctru/lib\libctru.a(ctru_init.o) (__sync_init)
C:/devkitPro/libctru/lib\libctru.a(thread.o)
                              C:/devkitPro/libctru/lib\libctru.a(apt.o) (threadCreate)
C:/devkitPro/libctru/lib\libctru.a(mappable.o)
                              C:/devkitPro/libctru/lib\libctru.a(apt.o) (mappableAlloc)
C:/devkitPro/libctru/lib\libctru.a(ptmsysm.o)
                              C:/devkitPro/libctru/lib\libctru.a(os.o) (ptmSysmInit)
C:/devkitPro/libctru/lib\libctru.a(srvpm.o)
                              C:/devkitPro/libctru/lib\libctru.a(srv.o) (srvPmGetSessionHandle)
C:/devkitPro/libctru/lib\libctru.a(soc_connect.o)
                              C:/devkitPro/libctru/lib\libctru.a(3dslink.o) (connect)
C:/devkitPro/libctru/lib\libctru.a(soc_socket.o)
                              C:/devkitPro/libctru/lib\libctru.a(3dslink.o) (socket)
C:/devkitPro/libctru/lib\libctru.a(rbtree_find.o)
                              C:/devkitPro/libctru/lib\libctru.a(linear.o) (rbtree_find)
C:/devkitPro/libctru/lib\libctru.a(rbtree_init.o)
                              C:/devkitPro/libctru/lib\libctru.a(linear.o) (rbtree_init)
C:/devkitPro/libctru/lib\libctru.a(rbtree_insert.o)
                              C:/devkitPro/libctru/lib\libctru.a(linear.o) (rbtree_insert)
C:/devkitPro/libctru/lib\libctru.a(rbtree_remove.o)
                              C:/devkitPro/libctru/lib\libctru.a(linear.o) (rbtree_remove)
C:/devkitPro/libctru/lib\libctru.a(rbtree_rotate.o)
                              C:/devkitPro/libctru/lib\libctru.a(rbtree_insert.o) (rbtree_rotate)
C:/devkitPro/libctru/lib\libctru.a(allocateHeaps.o)
                              C:/devkitPro/libctru/lib\libctru.a(ctru_init.o) (__system_allocateHeaps)
C:/devkitPro/libctru/lib\libctru.a(appExit.o)
                              C:/devkitPro/libctru/lib\libctru.a(stack_adjust.o) (__appExit)
C:/devkitPro/libctru/lib\libctru.a(appInit.o)
                              C:/devkitPro/libctru/lib\libctru.a(stack_adjust.o) (__appInit)
C:/devkitPro/libctru/lib\libctru.a(ctru_exit.o)
                              C:/devkitPro/libctru/lib\libctru.a(stack_adjust.o) (__libctru_exit)
C:/devkitPro/libctru/lib\libctru.a(archive_dev.o)
                              C:/devkitPro/libctru/lib\libctru.a(appInit.o) (archiveMountSdmc)
[...]
Memory Configuration

Name             Origin             Length             Attributes
*default*        0x00000000         0xffffffff

Linker script and memory map

                0x00000000                        __sync_synchronize = __sync_synchronize_dmb
                0x00100000                        PROVIDE (__start__ = 0x100000)
                0x00100000                        . = __start__

.text           0x00100000     0xe040
 *(.crt0)
 .crt0          0x00100000       0x94 C:/devkitPro/devkitARM/bin/../lib/gcc/arm-none-eabi/14.1.0/../../../../arm-none-eabi/lib/armv6k/fpu/3dsx_crt0.o
                0x00100000                _start
                0x00100008                __service_ptr
                0x0010000c                __apt_appid
                0x00100010                __heap_size
                0x00100014                __linear_heap_size
                0x00100018                __system_arglist
                0x0010001c                __system_runflags
 *(.init)
 .init          0x00100094        0xc C:/devkitPro/devkitARM/bin/../lib/gcc/arm-none-eabi/14.1.0/armv6k/fpu/crti.o
                0x00100094                _init
 .init          0x001000a0        0xc C:/devkitPro/devkitARM/bin/../lib/gcc/arm-none-eabi/14.1.0/armv6k/fpu/crtn.o
                0x001000ac                        . = ALIGN (0x4)
 *(.text)
 .text          0x001000ac      0x240 C:/devkitPro/devkitARM/bin/../lib/gcc/arm-none-eabi/14.1.0/armv6k/fpu\libgcc.a(_divsi3.o)
                0x001000ac                __divsi3
                0x001000ac                __aeabi_idiv
                0x001002cc                __aeabi_idivmod
 .text          0x001002ec        0x4 C:/devkitPro/devkitARM/bin/../lib/gcc/arm-none-eabi/14.1.0/armv6k/fpu\libgcc.a(_dvmd_tls.o)
                0x001002ec                __aeabi_idiv0
                0x001002ec                __aeabi_ldiv0
 *fill*         0x001002f0       0x10 
 .text          0x00100300      0x390 C:/devkitPro/devkitARM/bin/../lib/gcc/arm-none-eabi/14.1.0/../../../../arm-none-eabi/lib/armv6k/fpu\libg.a(libc_a-strcmp.o)
                0x00100308                strcmp
 .text          0x00100690      0x20c C:/devkitPro/devkitARM/bin/../lib/gcc/arm-none-eabi/14.1.0/armv6k/fpu\libgcc.a(_udivsi3.o)
                0x00100690                __aeabi_uidiv
                0x00100690                __udivsi3
                0x0010087c                __aeabi_uidivmod
 *(.text.*)
 .text.__do_global_dtors_aux
                0x0010089c       0x40 C:/devkitPro/devkitARM/bin/../lib/gcc/arm-none-eabi/14.1.0/armv6k/fpu/crtbegin.o
 .text.frame_dummy
                0x001008dc       0x2c C:/devkitPro/devkitARM/bin/../lib/gcc/arm-none-eabi/14.1.0/armv6k/fpu/crtbegin.o
 .text.startup.main
                0x00100908       0x68 main.o
                0x00100908                main
 .text.consoleHandleColorEsc
                0x00100970      0x51c C:/devkitPro/libctru/lib\libctru.a(console.o)
 .text.consoleColorStateShift
                0x00100e8c       0xb8 C:/devkitPro/libctru/lib\libctru.a(console.o)
 .text.consoleDrawChar
                0x00100f44      0x1ac C:/devkitPro/libctru/lib\libctru.a(console.o)
                0x00100f44                consoleDrawChar
 .text.consolePrintChar
                0x001010f0      0x124 C:/devkitPro/libctru/lib\libctru.a(console.o)
                0x001010f0                consolePrintChar
 .text.con_write
                0x00101214      0x6f4 C:/devkitPro/libctru/lib\libctru.a(console.o)
                0x00101214                con_write
 .text.newRow   0x00101908       0xfc C:/devkitPro/libctru/lib\libctru.a(console.o)
 .text.consoleInit
                0x00101a04      0x18c C:/devkitPro/libctru/lib\libctru.a(console.o)
                0x00101a04                consoleInit
 .text.gfxPresentFramebuffer
                0x00101b90       0xd0 C:/devkitPro/libctru/lib\libctru.a(gfx.o)
 .text.gfxIsWide
                0x00101c60       0x1c C:/devkitPro/libctru/lib\libctru.a(gfx.o)
                0x00101c60                gfxIsWide
 .text.gfxSetScreenFormat
                0x00101c7c       0xec C:/devkitPro/libctru/lib\libctru.a(gfx.o)
                0x00101c7c                gfxSetScreenFormat
 .text.gfxSetDoubleBuffering
                0x00101d68       0x10 C:/devkitPro/libctru/lib\libctru.a(gfx.o)
                0x00101d68                gfxSetDoubleBuffering
 .text.gfxInit  0x00101d78       0xe0 C:/devkitPro/libctru/lib\libctru.a(gfx.o)
                0x00101d78                gfxInit
 .text.gfxInitDefault
                0x00101e58       0x10 C:/devkitPro/libctru/lib\libctru.a(gfx.o)
                0x00101e58                gfxInitDefault
 .text.gfxExit  0x00101e68       0xb4 C:/devkitPro/libctru/lib\libctru.a(gfx.o)
                0x00101e68                gfxExit
 .text.gfxGetFramebuffer
                0x00101f1c       0xa0 C:/devkitPro/libctru/lib\libctru.a(gfx.o)
                0x00101f1c                gfxGetFramebuffer
 .text.gfxFlushBuffers
                0x00101fbc      0x104 C:/devkitPro/libctru/lib\libctru.a(gfx.o)
                0x00101fbc                gfxFlushBuffers
 .text.gfxSwapBuffers
                0x001020c0       0x50 C:/devkitPro/libctru/lib\libctru.a(gfx.o)
                0x001020c0                gfxSwapBuffers
 .text.gfxSwapBuffersGpu
                0x00102110       0x50 C:/devkitPro/libctru/lib\libctru.a(gfx.o)
                0x00102110                gfxSwapBuffersGpu
 .text.aptConvertScreenForCapture
                0x00102160      0x1ac C:/devkitPro/libctru/lib\libctru.a(apt.o)
 .text.aptDspSleep
                0x0010230c        0x8 C:/devkitPro/libctru/lib\libctru.a(apt.o)
                0x0010230c                aptDspSleep
 .text.aptDspWakeup
                0x00102314        0x4 C:/devkitPro/libctru/lib\libctru.a(apt.o)
                0x00102314                aptDspWakeup
 .text.aptDspCancel
                0x00102318        0x4 C:/devkitPro/libctru/lib\libctru.a(apt.o)
                0x00102318                aptDspCancel
 .text.aptSendCommand
                0x0010231c      0x158 C:/devkitPro/libctru/lib\libctru.a(apt.o)
                0x0010231c                aptSendCommand
 *fill*         0x00102474        0x4 
 .text.aptExitProcess
                0x00102478       0x44 C:/devkitPro/libctru/lib\libctru.a(apt.o)
 .text.aptExit  0x001024bc      0x38c C:/devkitPro/libctru/lib\libctru.a(apt.o)
                0x001024bc                aptExit
 .text.aptHandleSleep
                0x00102848       0xe0 C:/devkitPro/libctru/lib\libctru.a(apt.o)
                0x00102848                aptHandleSleep
 .text.APT_SleepIfShellClosed
                0x00102928       0x84 C:/devkitPro/libctru/lib\libctru.a(apt.o)
                0x00102928                APT_SleepIfShellClosed
 .text.aptSetSleepAllowed
                0x001029ac       0x84 C:/devkitPro/libctru/lib\libctru.a(apt.o)
                0x001029ac                aptSetSleepAllowed
 .text.APT_UnlockTransition
                0x00102a30       0x84 C:/devkitPro/libctru/lib\libctru.a(apt.o)
                0x00102a30                APT_UnlockTransition
 *fill*         0x00102ab4        0x4 
 .text.aptEventHandler
                0x00102ab8      0x4a4 C:/devkitPro/libctru/lib\libctru.a(apt.o)
 .text.APT_ReceiveParameter
                0x00102f5c       0xb0 C:/devkitPro/libctru/lib\libctru.a(apt.o)
                0x00102f5c                APT_ReceiveParameter
 .text.aptReceiveParameter.constprop.0
                0x0010300c       0xac C:/devkitPro/libctru/lib\libctru.a(apt.o)
 .text.aptScreenTransfer
                0x001030b8      0x2ac C:/devkitPro/libctru/lib\libctru.a(apt.o)
 .text.aptWaitForWakeUp.isra.0
                0x00103364      0x320 C:/devkitPro/libctru/lib\libctru.a(apt.o)
 .text.aptJumpToHomeMenu
                0x00103684       0xf8 C:/devkitPro/libctru/lib\libctru.a(apt.o)
                0x00103684                aptJumpToHomeMenu
 .text.aptMainLoop
                0x0010377c       0x48 C:/devkitPro/libctru/lib\libctru.a(apt.o)
                0x0010377c                aptMainLoop
 .text.aptInit  0x001037c4      0x22c C:/devkitPro/libctru/lib\libctru.a(apt.o)
                0x001037c4                aptInit
 .text.APT_CheckNew3DS
                0x001039f0       0x7c C:/devkitPro/libctru/lib\libctru.a(apt.o)
                0x001039f0                APT_CheckNew3DS
 .text.gspHardwareInit
                0x00103a6c      0xc64 C:/devkitPro/libctru/lib\libctru.a(gspgpu.o)
 .text.gspInit  0x001046d0      0x248 C:/devkitPro/libctru/lib\libctru.a(gspgpu.o)
                0x001046d0                gspInit
 .text.gspExit  0x00104918       0xf0 C:/devkitPro/libctru/lib\libctru.a(gspgpu.o)
                0x00104918                gspExit
 .text.gspHasGpuRight
                0x00104a08       0x10 C:/devkitPro/libctru/lib\libctru.a(gspgpu.o)
                0x00104a08                gspHasGpuRight
 .text.gspPresentBuffer
                0x00104a18       0xa0 C:/devkitPro/libctru/lib\libctru.a(gspgpu.o)
                0x00104a18                gspPresentBuffer
 .text.gspWaitForEvent
                0x00104ab8       0x44 C:/devkitPro/libctru/lib\libctru.a(gspgpu.o)
                0x00104ab8                gspWaitForEvent
 .text.gxCmdQueueInterrupt
                0x00104afc        0x4 C:/devkitPro/libctru/lib\libctru.a(gspgpu.o)
                0x00104afc                gxCmdQueueInterrupt
 .text.gspEventThreadMain
                0x00104b00      0x158 C:/devkitPro/libctru/lib\libctru.a(gspgpu.o)
 .text.GSPGPU_FlushDataCache
                0x00104c58       0x50 C:/devkitPro/libctru/lib\libctru.a(gspgpu.o)
                0x00104c58                GSPGPU_FlushDataCache
 .text.GSPGPU_SetLcdForceBlack
                0x00104ca8       0x34 C:/devkitPro/libctru/lib\libctru.a(gspgpu.o)
                0x00104ca8                GSPGPU_SetLcdForceBlack
 .text.GSPGPU_AcquireRight
                0x00104cdc       0x68 C:/devkitPro/libctru/lib\libctru.a(gspgpu.o)
                0x00104cdc                GSPGPU_AcquireRight
 .text.GSPGPU_ReleaseRight
                0x00104d44       0x48 C:/devkitPro/libctru/lib\libctru.a(gspgpu.o)
                0x00104d44                GSPGPU_ReleaseRight
 .text.GSPGPU_ImportDisplayCaptureInfo
                0x00104d8c       0x7c C:/devkitPro/libctru/lib\libctru.a(gspgpu.o)
                0x00104d8c                GSPGPU_ImportDisplayCaptureInfo
 .text.GSPGPU_SaveVramSysArea
                0x00104e08       0x2c C:/devkitPro/libctru/lib\libctru.a(gspgpu.o)
                0x00104e08                GSPGPU_SaveVramSysArea
 .text.GSPGPU_RestoreVramSysArea
                0x00104e34       0x2c C:/devkitPro/libctru/lib\libctru.a(gspgpu.o)
                0x00104e34                GSPGPU_RestoreVramSysArea
 .text.hidShouldUseIrrst
                0x00104e60       0x24 C:/devkitPro/libctru/lib\libctru.a(hid.o)
                0x00104e60                hidShouldUseIrrst
 .text.hidInit  0x00104e84      0x18c C:/devkitPro/libctru/lib\libctru.a(hid.o)
                0x00104e84                hidInit
 .text.hidExit  0x00105010       0xe8 C:/devkitPro/libctru/lib\libctru.a(hid.o)
                0x00105010                hidExit
 .text.hidScanInput
                0x001050f8      0x2a4 C:/devkitPro/libctru/lib\libctru.a(hid.o)
                0x001050f8                hidScanInput
 .text.hidKeysDown
                0x0010539c       0x10 C:/devkitPro/libctru/lib\libctru.a(hid.o)
                0x0010539c                hidKeysDown
 .text.irrstInit
                0x001053ac      0x160 C:/devkitPro/libctru/lib\libctru.a(irrst.o)
                0x001053ac                irrstInit
 .text.irrstExit
                0x0010550c       0xcc C:/devkitPro/libctru/lib\libctru.a(irrst.o)
                0x0010550c                irrstExit
 .text.irrstScanInput
                0x001055d8       0xb4 C:/devkitPro/libctru/lib\libctru.a(irrst.o)
                0x001055d8                irrstScanInput
 .text.irrstKeysHeld
                0x0010568c       0x24 C:/devkitPro/libctru/lib\libctru.a(irrst.o)
                0x0010568c                irrstKeysHeld
 .text.__libctru_init
                0x001056b0       0x38 C:/devkitPro/libctru/lib\libctru.a(ctru_init.o)
                0x001056b0                __libctru_init
 .text.__system_initArgv
                0x001056e8      0x170 C:/devkitPro/libctru/lib\libctru.a(initArgv.o)
                0x001056e8                __system_initArgv
 .text.__syscall_getreent
                0x00105858       0x30 C:/devkitPro/libctru/lib\libctru.a(syscalls.o)
                0x00105858                __syscall_getreent
 .text.__syscall_lock_acquire
                0x00105888        0x4 C:/devkitPro/libctru/lib\libctru.a(syscalls.o)
                0x00105888                __syscall_lock_acquire
 .text.__syscall_lock_release
                0x0010588c        0x4 C:/devkitPro/libctru/lib\libctru.a(syscalls.o)
                0x0010588c                __syscall_lock_release
 .text.__syscall_lock_acquire_recursive
                0x00105890        0x4 C:/devkitPro/libctru/lib\libctru.a(syscalls.o)
                0x00105890                __syscall_lock_acquire_recursive
 .text.__syscall_lock_release_recursive
                0x00105894        0x4 C:/devkitPro/libctru/lib\libctru.a(syscalls.o)
                0x00105894                __syscall_lock_release_recursive
 .text.__syscall_exit
                0x00105898        0x4 C:/devkitPro/libctru/lib\libctru.a(syscalls.o)
                0x00105898                __syscall_exit
 .text.initThreadVars
                0x0010589c       0x50 C:/devkitPro/libctru/lib\libctru.a(syscalls.o)
                0x0010589c                initThreadVars
 .text.__system_initSyscalls
                0x001058ec       0x80 C:/devkitPro/libctru/lib\libctru.a(syscalls.o)
                0x001058ec                __system_initSyscalls
 .text.svcControlMemory
                0x0010596c       0x20 C:/devkitPro/libctru/lib\libctru.a(svc.o)
                0x0010596c                svcControlMemory
 .text.svcQueryMemory
                0x0010598c       0x30 C:/devkitPro/libctru/lib\libctru.a(svc.o)
                0x0010598c                svcQueryMemory
 .text.svcExitProcess
                0x001059bc        0x8 C:/devkitPro/libctru/lib\libctru.a(svc.o)
                0x001059bc                svcExitProcess
 .text.svcCreateThread
                0x001059c4       0x20 C:/devkitPro/libctru/lib\libctru.a(svc.o)
                0x001059c4                svcCreateThread
 .text.svcExitThread
                0x001059e4        0x8 C:/devkitPro/libctru/lib\libctru.a(svc.o)
                0x001059e4                svcExitThread
 .text.svcSleepThread
                0x001059ec        0x8 C:/devkitPro/libctru/lib\libctru.a(svc.o)
                0x001059ec                svcSleepThread
 .text.svcReleaseMutex
                0x001059f4        0x8 C:/devkitPro/libctru/lib\libctru.a(svc.o)
                0x001059f4                svcReleaseMutex
 .text.svcCreateEvent
                0x001059fc       0x14 C:/devkitPro/libctru/lib\libctru.a(svc.o)
                0x001059fc                svcCreateEvent
 .text.svcSignalEvent
                0x00105a10        0x8 C:/devkitPro/libctru/lib\libctru.a(svc.o)
                0x00105a10                svcSignalEvent
 .text.svcClearEvent
                0x00105a18        0x8 C:/devkitPro/libctru/lib\libctru.a(svc.o)
                0x00105a18                svcClearEvent
 .text.svcMapMemoryBlock
                0x00105a20        0x8 C:/devkitPro/libctru/lib\libctru.a(svc.o)
                0x00105a20                svcMapMemoryBlock
 .text.svcUnmapMemoryBlock
                0x00105a28        0x8 C:/devkitPro/libctru/lib\libctru.a(svc.o)
                0x00105a28                svcUnmapMemoryBlock
 .text.svcCreateAddressArbiter
                0x00105a30       0x14 C:/devkitPro/libctru/lib\libctru.a(svc.o)
                0x00105a30                svcCreateAddressArbiter
 .text.svcArbitrateAddressNoTimeout
                0x00105a44        0x8 C:/devkitPro/libctru/lib\libctru.a(svc.o)
                0x00105a44                svcArbitrateAddressNoTimeout
 .text.svcCloseHandle
                0x00105a4c        0x8 C:/devkitPro/libctru/lib\libctru.a(svc.o)
                0x00105a4c                svcCloseHandle
 .text.svcWaitSynchronization
                0x00105a54        0x8 C:/devkitPro/libctru/lib\libctru.a(svc.o)
                0x00105a54                svcWaitSynchronization
 .text.svcWaitSynchronizationN
                0x00105a5c       0x28 C:/devkitPro/libctru/lib\libctru.a(svc.o)
                0x00105a5c                svcWaitSynchronizationN
 .text.svcDuplicateHandle
                0x00105a84       0x14 C:/devkitPro/libctru/lib\libctru.a(svc.o)
                0x00105a84                svcDuplicateHandle
 .text.svcConnectToPort
                0x00105a98       0x14 C:/devkitPro/libctru/lib\libctru.a(svc.o)
                0x00105a98                svcConnectToPort
 .text.svcSendSyncRequest
                0x00105aac        0x8 C:/devkitPro/libctru/lib\libctru.a(svc.o)
                0x00105aac                svcSendSyncRequest
 .text.svcGetResourceLimit
                0x00105ab4       0x14 C:/devkitPro/libctru/lib\libctru.a(svc.o)
                0x00105ab4                svcGetResourceLimit
 .text.svcGetResourceLimitLimitValues
                0x00105ac8        0x8 C:/devkitPro/libctru/lib\libctru.a(svc.o)
                0x00105ac8                svcGetResourceLimitLimitValues
 .text.svcGetResourceLimitCurrentValues
                0x00105ad0        0x8 C:/devkitPro/libctru/lib\libctru.a(svc.o)
                0x00105ad0                svcGetResourceLimitCurrentValues
 .text.svcBreak
                0x00105ad8        0x8 C:/devkitPro/libctru/lib\libctru.a(svc.o)
                0x00105ad8                svcBreak
 .text.initSystem
                0x00105ae0       0x50 C:/devkitPro/libctru/lib\libctru.a(stack_adjust.o)
                0x00105ae0                initSystem
 .text.__ctru_exit
                0x00105b30       0x14 C:/devkitPro/libctru/lib\libctru.a(stack_adjust.o)
                0x00105b30                __ctru_exit
 .text._ZL21addrMapNodeComparatorPK11rbtree_nodeS1_
                0x00105b44       0x24 C:/devkitPro/libctru/lib\libctru.a(linear.o)
 .text._ZL21addrMapNodeDestructorP11rbtree_node
                0x00105b68        0x4 C:/devkitPro/libctru/lib\libctru.a(linear.o)
 .text.linearMemAlign
                0x00105b6c      0x120 C:/devkitPro/libctru/lib\libctru.a(linear.o)
                0x00105b6c                linearMemAlign
 .text.linearAlloc
                0x00105c8c        0x8 C:/devkitPro/libctru/lib\libctru.a(linear.o)
                0x00105c8c                linearAlloc
 .text.linearFree
                0x00105c94       0x5c C:/devkitPro/libctru/lib\libctru.a(linear.o)
                0x00105c94                linearFree
 .text._ZN7MemPool13CoalesceRightEP8MemBlock
                0x00105cf0       0x80 C:/devkitPro/libctru/lib\libctru.a(mem_pool.o)
                0x00105cf0                MemPool::CoalesceRight(MemBlock*)
 .text._ZN7MemPool8AllocateER8MemChunkmi
                0x00105d70      0x16c C:/devkitPro/libctru/lib\libctru.a(mem_pool.o)
                0x00105d70                MemPool::Allocate(MemChunk&, unsigned long, int)
 .text._ZN7MemPool10DeallocateERK8MemChunk
                0x00105edc       0xfc C:/devkitPro/libctru/lib\libctru.a(mem_pool.o)
                0x00105edc                MemPool::Deallocate(MemChunk const&)
 .text._ZN7MemPool12GetFreeSpaceEv
                0x00105fd8       0x30 C:/devkitPro/libctru/lib\libctru.a(mem_pool.o)
                0x00105fd8                MemPool::GetFreeSpace()
 .text._ZL21addrMapNodeComparatorPK11rbtree_nodeS1_
                0x00106008       0x24 C:/devkitPro/libctru/lib\libctru.a(vram.o)
 .text._ZL21addrMapNodeDestructorP11rbtree_node
                0x0010602c        0x4 C:/devkitPro/libctru/lib\libctru.a(vram.o)
 .text.vramMemAlignAt
                0x00106030      0x24c C:/devkitPro/libctru/lib\libctru.a(vram.o)
                0x00106030                vramMemAlignAt
 .text.vramAlloc
                0x0010627c        0xc C:/devkitPro/libctru/lib\libctru.a(vram.o)
                0x0010627c                vramAlloc
 .text.vramFree
                0x00106288       0x90 C:/devkitPro/libctru/lib\libctru.a(vram.o)
                0x00106288                vramFree
 .text.envGetHandle
                0x00106318       0x84 C:/devkitPro/libctru/lib\libctru.a(env.o)
                0x00106318                envGetHandle
 .text.envDestroyHandles
                0x0010639c       0x50 C:/devkitPro/libctru/lib\libctru.a(env.o)
                0x0010639c                envDestroyHandles
 .text.__ctru_speedup_config
                0x001063ec       0x34 C:/devkitPro/libctru/lib\libctru.a(os.o)
                0x001063ec                __ctru_speedup_config
 .text.srvInit  0x00106420      0x12c C:/devkitPro/libctru/lib\libctru.a(srv.o)
                0x00106420                srvInit
 .text.srvExit  0x0010654c       0x58 C:/devkitPro/libctru/lib\libctru.a(srv.o)
                0x0010654c                srvExit
 .text.srvEnableNotification
                0x001065a4       0x60 C:/devkitPro/libctru/lib\libctru.a(srv.o)
                0x001065a4                srvEnableNotification
 .text.srvGetServiceHandleDirect
                0x00106604       0xa0 C:/devkitPro/libctru/lib\libctru.a(srv.o)
                0x00106604                srvGetServiceHandleDirect
 .text.srvGetServiceHandle
                0x001066a4       0x38 C:/devkitPro/libctru/lib\libctru.a(srv.o)
                0x001066a4                srvGetServiceHandle
 .text.srvSubscribe
                0x001066dc       0x34 C:/devkitPro/libctru/lib\libctru.a(srv.o)
                0x001066dc                srvSubscribe
 .text.srvReceiveNotification
                0x00106710       0x60 C:/devkitPro/libctru/lib\libctru.a(srv.o)
                0x00106710                srvReceiveNotification
 .text.srvPublishToSubscriber
                0x00106770       0x38 C:/devkitPro/libctru/lib\libctru.a(srv.o)
                0x00106770                srvPublishToSubscriber
 .text.__sync_init
                0x001067a8        0xc C:/devkitPro/libctru/lib\libctru.a(synchronization.o)
                0x001067a8                __sync_init
 .text.__sync_fini
                0x001067b4       0x18 C:/devkitPro/libctru/lib\libctru.a(synchronization.o)
                0x001067b4                __sync_fini
 .text.syncArbitrateAddress
                0x001067cc       0x2c C:/devkitPro/libctru/lib\libctru.a(synchronization.o)
                0x001067cc                syncArbitrateAddress
 .text.LightLock_Lock
                0x001067f8       0xac C:/devkitPro/libctru/lib\libctru.a(synchronization.o)
                0x001067f8                LightLock_Lock
 .text.LightLock_Unlock
                0x001068a4       0x40 C:/devkitPro/libctru/lib\libctru.a(synchronization.o)
                0x001068a4                LightLock_Unlock
 .text.RecursiveLock_Lock
                0x001068e4       0x30 C:/devkitPro/libctru/lib\libctru.a(synchronization.o)
                0x001068e4                RecursiveLock_Lock
 .text.RecursiveLock_Unlock
                0x00106914       0x54 C:/devkitPro/libctru/lib\libctru.a(synchronization.o)
                0x00106914                RecursiveLock_Unlock
 .text.LightEvent_Init
                0x00106968       0x40 C:/devkitPro/libctru/lib\libctru.a(synchronization.o)
                0x00106968                LightEvent_Init
 .text.LightEvent_Clear
                0x001069a8       0xa4 C:/devkitPro/libctru/lib\libctru.a(synchronization.o)
                0x001069a8                LightEvent_Clear
 .text.LightEvent_Signal
                0x00106a4c       0xc8 C:/devkitPro/libctru/lib\libctru.a(synchronization.o)
                0x00106a4c                LightEvent_Signal
 .text.LightEvent_TryWait
                0x00106b14       0x50 C:/devkitPro/libctru/lib\libctru.a(synchronization.o)
                0x00106b14                LightEvent_TryWait
 .text.LightEvent_Wait
                0x00106b64       0xa0 C:/devkitPro/libctru/lib\libctru.a(synchronization.o)
                0x00106b64                LightEvent_Wait
 .text.threadCreate
                0x00106c04      0x1d8 C:/devkitPro/libctru/lib\libctru.a(thread.o)
                0x00106c04                threadCreate
 .text.threadFree
                0x00106ddc       0x2c C:/devkitPro/libctru/lib\libctru.a(thread.o)
                0x00106ddc                threadFree
 .text.threadJoin
                0x00106e08       0x24 C:/devkitPro/libctru/lib\libctru.a(thread.o)
                0x00106e08                threadJoin
 .text.threadGetCurrent
                0x00106e2c       0x30 C:/devkitPro/libctru/lib\libctru.a(thread.o)
                0x00106e2c                threadGetCurrent
 .text.threadExit
                0x00106e5c       0x40 C:/devkitPro/libctru/lib\libctru.a(thread.o)
                0x00106e5c                threadExit
 .text._thread_begin
                0x00106e9c       0x20 C:/devkitPro/libctru/lib\libctru.a(thread.o)
 .text.mappableFindAddressWithin
                0x00106ebc       0xb4 C:/devkitPro/libctru/lib\libctru.a(mappable.o)
 .text.mappableInit
                0x00106f70       0x28 C:/devkitPro/libctru/lib\libctru.a(mappable.o)
                0x00106f70                mappableInit
 .text.mappableAlloc
                0x00106f98       0x80 C:/devkitPro/libctru/lib\libctru.a(mappable.o)
                0x00106f98                mappableAlloc
 .text.mappableFree
                0x00107018        0x4 C:/devkitPro/libctru/lib\libctru.a(mappable.o)
                0x00107018                mappableFree
 .text.ptmSysmInit
                0x0010701c       0x74 C:/devkitPro/libctru/lib\libctru.a(ptmsysm.o)
                0x0010701c                ptmSysmInit
 .text.ptmSysmExit
                0x00107090       0x3c C:/devkitPro/libctru/lib\libctru.a(ptmsysm.o)
                0x00107090                ptmSysmExit
 .text.PTMSYSM_ConfigureNew3DSCPU
                0x001070cc       0x34 C:/devkitPro/libctru/lib\libctru.a(ptmsysm.o)
                0x001070cc                PTMSYSM_ConfigureNew3DSCPU
 .text.srvPmGetSessionHandle
                0x00107100        0xc C:/devkitPro/libctru/lib\libctru.a(srvpm.o)
                0x00107100                srvPmGetSessionHandle
 .text.rbtree_find
                0x0010710c       0x74 C:/devkitPro/libctru/lib\libctru.a(rbtree_find.o)
                0x0010710c                rbtree_find
 .text.rbtree_init
                0x00107180       0x10 C:/devkitPro/libctru/lib\libctru.a(rbtree_init.o)
                0x00107180                rbtree_init
 .text.do_insert
                0x00107190      0x1b0 C:/devkitPro/libctru/lib\libctru.a(rbtree_insert.o)
 .text.rbtree_insert
                0x00107340        0x8 C:/devkitPro/libctru/lib\libctru.a(rbtree_insert.o)
                0x00107340                rbtree_insert
 .text.rbtree_remove
                0x00107348      0x318 C:/devkitPro/libctru/lib\libctru.a(rbtree_remove.o)
                0x00107348                rbtree_remove
 .text.rbtree_rotate
                0x00107660       0x90 C:/devkitPro/libctru/lib\libctru.a(rbtree_rotate.o)
                0x00107660                rbtree_rotate
 .text.__system_allocateHeaps
                0x001076f0      0x1e0 C:/devkitPro/libctru/lib\libctru.a(allocateHeaps.o)
                0x001076f0                __system_allocateHeaps
 .text.__appExit
                0x001078d0       0x30 C:/devkitPro/libctru/lib\libctru.a(appExit.o)
                0x001078d0                __appExit
 .text.__appInit
                0x00107900       0x30 C:/devkitPro/libctru/lib\libctru.a(appInit.o)
                0x00107900                __appInit
 .text.__libctru_exit
                0x00107930       0x90 C:/devkitPro/libctru/lib\libctru.a(ctru_exit.o)
                0x00107930                __libctru_exit
 .text.archive_link
                0x001079c0       0x14 C:/devkitPro/libctru/lib\libctru.a(archive_dev.o)
 .text.archive_dirreset
                0x001079d4       0x14 C:/devkitPro/libctru/lib\libctru.a(archive_dev.o)
 .text.archive_chmod
                0x001079e8       0x14 C:/devkitPro/libctru/lib\libctru.a(archive_dev.o)
 .text.error_cmp
                0x001079fc       0x24 C:/devkitPro/libctru/lib\libctru.a(archive_dev.o)
 .text.archive_translate_error
                0x00107a20       0x50 C:/devkitPro/libctru/lib\libctru.a(archive_dev.o)
 .text.archive_seek
                0x00107a70       0xc8 C:/devkitPro/libctru/lib\libctru.a(archive_dev.o)
 .text._archiveInit.part.0
                0x00107b38       0x7c C:/devkitPro/libctru/lib\libctru.a(archive_dev.o)
 .text.archiveFindDevice.part.0
                0x00107bb4       0xc4 C:/devkitPro/libctru/lib\libctru.a(archive_dev.o)
 .text.archive_utf16path
                0x00107c78      0x280 C:/devkitPro/libctru/lib\libctru.a(archive_dev.o)
 .text._archiveUnmountDeviceStruct.part.0
                0x00107ef8       0x9c C:/devkitPro/libctru/lib\libctru.a(archive_dev.o)
 .text.archive_fchmod
                0x00107f94       0x14 C:/devkitPro/libctru/lib\libctru.a(archive_dev.o)
 .text.archive_statvfs
                0x00107fa8       0x14 C:/devkitPro/libctru/lib\libctru.a(archive_dev.o)
 .text._archiveMountDevice
                0x00107fbc      0x164 C:/devkitPro/libctru/lib\libctru.a(archive_dev.o)
 .text.archive_diropen
                0x00108120       0xe8 C:/devkitPro/libctru/lib\libctru.a(archive_dev.o)
 .text.archive_fstat
                0x00108208       0xa4 C:/devkitPro/libctru/lib\libctru.a(archive_dev.o)
 .text.archive_fsync
                0x001082ac       0x6c C:/devkitPro/libctru/lib\libctru.a(archive_dev.o)
 .text.archive_close
                0x00108318       0x6c C:/devkitPro/libctru/lib\libctru.a(archive_dev.o)
 .text.archive_dirclose
                0x00108384       0x70 C:/devkitPro/libctru/lib\libctru.a(archive_dev.o)
 .text.sdmc_statvfs
                0x001083f4       0xe8 C:/devkitPro/libctru/lib\libctru.a(archive_dev.o)
 .text.archive_chdir
                0x001084dc       0xec C:/devkitPro/libctru/lib\libctru.a(archive_dev.o)
 .text.archive_ftruncate
                0x001085c8       0x7c C:/devkitPro/libctru/lib\libctru.a(archive_dev.o)
 .text.archive_read
                0x00108644       0xac C:/devkitPro/libctru/lib\libctru.a(archive_dev.o)
 .text.archive_unlink
                0x001086f0       0xa4 C:/devkitPro/libctru/lib\libctru.a(archive_dev.o)
 .text.archive_rmdir
                0x00108794       0xbc C:/devkitPro/libctru/lib\libctru.a(archive_dev.o)
 .text.archive_mkdir
                0x00108850       0xdc C:/devkitPro/libctru/lib\libctru.a(archive_dev.o)
 .text.archive_stat
                0x0010892c      0x194 C:/devkitPro/libctru/lib\libctru.a(archive_dev.o)
 .text.archive_dirnext
                0x00108ac0      0x160 C:/devkitPro/libctru/lib\libctru.a(archive_dev.o)
 .text.archive_write
                0x00108c20      0x124 C:/devkitPro/libctru/lib\libctru.a(archive_dev.o)
 .text.archive_open
                0x00108d44      0x20c C:/devkitPro/libctru/lib\libctru.a(archive_dev.o)
 .text.archive_rename
                0x00108f50      0x278 C:/devkitPro/libctru/lib\libctru.a(archive_dev.o)
 .text.archiveMountSdmc
                0x001091c8      0x19c C:/devkitPro/libctru/lib\libctru.a(archive_dev.o)
                0x001091c8                archiveMountSdmc
 .text.archiveUnmountAll
                0x00109364       0x54 C:/devkitPro/libctru/lib\libctru.a(archive_dev.o)
                0x00109364                archiveUnmountAll
 .text.fsInit   0x001093b8       0xcc C:/devkitPro/libctru/lib\libctru.a(fs.o)
                0x001093b8                fsInit
 .text.fsExit   0x00109484       0x3c C:/devkitPro/libctru/lib\libctru.a(fs.o)
                0x00109484                fsExit
 .text.fsExemptFromSession
                0x001094c0       0x60 C:/devkitPro/libctru/lib\libctru.a(fs.o)
                0x001094c0                fsExemptFromSession
 .text.fsUnexemptFromSession
                0x00109520       0x50 C:/devkitPro/libctru/lib\libctru.a(fs.o)
                0x00109520                fsUnexemptFromSession
 .text.FSUSER_OpenFile
                0x00109570       0xcc C:/devkitPro/libctru/lib\libctru.a(fs.o)
                0x00109570                FSUSER_OpenFile
 .text.FSUSER_DeleteFile
                0x0010963c       0xbc C:/devkitPro/libctru/lib\libctru.a(fs.o)
                0x0010963c                FSUSER_DeleteFile
 .text.FSUSER_RenameFile
                0x001096f8       0xf8 C:/devkitPro/libctru/lib\libctru.a(fs.o)
                0x001096f8                FSUSER_RenameFile
 .text.FSUSER_DeleteDirectory
                0x001097f0       0xbc C:/devkitPro/libctru/lib\libctru.a(fs.o)
                0x001097f0                FSUSER_DeleteDirectory
 .text.FSUSER_CreateFile
                0x001098ac       0xd4 C:/devkitPro/libctru/lib\libctru.a(fs.o)
                0x001098ac                FSUSER_CreateFile
 .text.FSUSER_CreateDirectory
                0x00109980       0xc4 C:/devkitPro/libctru/lib\libctru.a(fs.o)
                0x00109980                FSUSER_CreateDirectory
 .text.FSUSER_RenameDirectory
                0x00109a44       0xf8 C:/devkitPro/libctru/lib\libctru.a(fs.o)
                0x00109a44                FSUSER_RenameDirectory
 .text.FSUSER_OpenDirectory
                0x00109b3c       0xb4 C:/devkitPro/libctru/lib\libctru.a(fs.o)
                0x00109b3c                FSUSER_OpenDirectory
 .text.FSUSER_OpenArchive
                0x00109bf0       0x94 C:/devkitPro/libctru/lib\libctru.a(fs.o)
                0x00109bf0                FSUSER_OpenArchive
 .text.FSUSER_CloseArchive
                0x00109c84       0x8c C:/devkitPro/libctru/lib\libctru.a(fs.o)
                0x00109c84                FSUSER_CloseArchive
 .text.FSUSER_GetSdmcArchiveResource
                0x00109d10       0x74 C:/devkitPro/libctru/lib\libctru.a(fs.o)
                0x00109d10                FSUSER_GetSdmcArchiveResource
 .text.FSUSER_IsSdmcWritable
                0x00109d84       0x64 C:/devkitPro/libctru/lib\libctru.a(fs.o)
                0x00109d84                FSUSER_IsSdmcWritable
 .text.FSFILE_Read
                0x00109de8       0x58 C:/devkitPro/libctru/lib\libctru.a(fs.o)
                0x00109de8                FSFILE_Read
 .text.FSFILE_Write
                0x00109e40       0x60 C:/devkitPro/libctru/lib\libctru.a(fs.o)
                0x00109e40                FSFILE_Write
 .text.FSFILE_GetSize
                0x00109ea0       0x38 C:/devkitPro/libctru/lib\libctru.a(fs.o)
                0x00109ea0                FSFILE_GetSize
 .text.FSFILE_SetSize
                0x00109ed8       0x28 C:/devkitPro/libctru/lib\libctru.a(fs.o)
                0x00109ed8                FSFILE_SetSize
 .text.FSFILE_Close
                0x00109f00       0x3c C:/devkitPro/libctru/lib\libctru.a(fs.o)
                0x00109f00                FSFILE_Close
 .text.FSFILE_Flush
                0x00109f3c       0x24 C:/devkitPro/libctru/lib\libctru.a(fs.o)
                0x00109f3c                FSFILE_Flush
 .text.FSDIR_Read
                0x00109f60       0x50 C:/devkitPro/libctru/lib\libctru.a(fs.o)
                0x00109f60                FSDIR_Read
 .text.FSDIR_Close
                0x00109fb0       0x3c C:/devkitPro/libctru/lib\libctru.a(fs.o)
                0x00109fb0                FSDIR_Close
 .text.rbtree_node_next
                0x00109fec       0x5c C:/devkitPro/libctru/lib\libctru.a(rbtree_iterator.o)
                0x00109fec                rbtree_node_next
 .text.decode_utf8
                0x0010a048      0x13c C:/devkitPro/libctru/lib\libctru.a(decode_utf8.o)
                0x0010a048                decode_utf8
 .text.utf16_to_utf8
                0x0010a184       0xe8 C:/devkitPro/libctru/lib\libctru.a(utf16_to_utf8.o)
                0x0010a184                utf16_to_utf8
 .text.utf8_to_utf16
                0x0010a26c       0xc0 C:/devkitPro/libctru/lib\libctru.a(utf8_to_utf16.o)
                0x0010a26c                utf8_to_utf16
 .text.__aeabi_read_tp
                0x0010a32c        0xc C:/devkitPro/libctru/lib\libctru.a(readtp.o)
                0x0010a32c                __aeabi_read_tp
 .text.decode_utf16
                0x0010a338       0x64 C:/devkitPro/libctru/lib\libctru.a(decode_utf16.o)
                0x0010a338                decode_utf16
 .text.encode_utf16
                0x0010a39c       0x54 C:/devkitPro/libctru/lib\libctru.a(encode_utf16.o)
                0x0010a39c                encode_utf16
 .text.encode_utf8
                0x0010a3f0       0xe0 C:/devkitPro/libctru/lib\libctru.a(encode_utf8.o)
                0x0010a3f0                encode_utf8
 .text.strncmp  0x0010a4d0       0xd8 C:/devkitPro/devkitARM/bin/../lib/gcc/arm-none-eabi/14.1.0/../../../../arm-none-eabi/lib/armv6k/fpu\libg.a(libc_a-strncmp.o)
                0x0010a4d0                strncmp
 .text.strlen   0x0010a5a8       0x5c C:/devkitPro/devkitARM/bin/../lib/gcc/arm-none-eabi/14.1.0/../../../../arm-none-eabi/lib/armv6k/fpu\libg.a(libc_a-strlen-stub.o)
                0x0010a5a8                strlen
 .text._strtoul_l.isra.0
                0x0010a604      0x1e4 C:/devkitPro/devkitARM/bin/../lib/gcc/arm-none-eabi/14.1.0/../../../../arm-none-eabi/lib/armv6k/fpu\libg.a(libc_a-strtoul.o)
 .text.strtoul  0x0010a7e8       0x34 C:/devkitPro/devkitARM/bin/../lib/gcc/arm-none-eabi/14.1.0/../../../../arm-none-eabi/lib/armv6k/fpu\libg.a(libc_a-strtoul.o)
                0x0010a7e8                strtoul
 .text.strncat  0x0010a81c       0xe4 C:/devkitPro/devkitARM/bin/../lib/gcc/arm-none-eabi/14.1.0/../../../../arm-none-eabi/lib/armv6k/fpu\libg.a(libc_a-strncat.o)
                0x0010a81c                strncat
 .text.bsearch  0x0010a900       0x78 C:/devkitPro/devkitARM/bin/../lib/gcc/arm-none-eabi/14.1.0/../../../../arm-none-eabi/lib/armv6k/fpu\libg.a(libc_a-bsearch.o)
                0x0010a900                bsearch
 .text.memalign
                0x0010a978       0x20 C:/devkitPro/devkitARM/bin/../lib/gcc/arm-none-eabi/14.1.0/../../../../arm-none-eabi/lib/armv6k/fpu\libg.a(libc_a-malign.o)
                0x0010a978                memalign
 .text.stdio_exit_handler
                0x0010a998       0x1c C:/devkitPro/devkitARM/bin/../lib/gcc/arm-none-eabi/14.1.0/../../../../arm-none-eabi/lib/armv6k/fpu\libg.a(libc_a-findfp.o)
 .text.cleanup_stdio
                0x0010a9b4       0x5c C:/devkitPro/devkitARM/bin/../lib/gcc/arm-none-eabi/14.1.0/../../../../arm-none-eabi/lib/armv6k/fpu\libg.a(libc_a-findfp.o)
 .text.global_stdio_init.part.0
                0x0010aa10      0x154 C:/devkitPro/devkitARM/bin/../lib/gcc/arm-none-eabi/14.1.0/../../../../arm-none-eabi/lib/armv6k/fpu\libg.a(libc_a-findfp.o)
 .text.__sinit  0x0010ab64       0x5c C:/devkitPro/devkitARM/bin/../lib/gcc/arm-none-eabi/14.1.0/../../../../arm-none-eabi/lib/armv6k/fpu\libg.a(libc_a-findfp.o)
                0x0010ab64                __sinit
 .text.__sfp_lock_acquire
                0x0010abc0        0xc C:/devkitPro/devkitARM/bin/../lib/gcc/arm-none-eabi/14.1.0/../../../../arm-none-eabi/lib/armv6k/fpu\libg.a(libc_a-findfp.o)
                0x0010abc0                __sfp_lock_acquire
 .text.__sfp_lock_release
                0x0010abcc        0xc C:/devkitPro/devkitARM/bin/../lib/gcc/arm-none-eabi/14.1.0/../../../../arm-none-eabi/lib/armv6k/fpu\libg.a(libc_a-findfp.o)
                0x0010abcc                __sfp_lock_release
 .text._malloc_r
                0x0010abd8      0x7e8 C:/devkitPro/devkitARM/bin/../lib/gcc/arm-none-eabi/14.1.0/../../../../arm-none-eabi/lib/armv6k/fpu\libg.a(libc_a-mallocr.o)
                0x0010abd8                _malloc_r
 .text._malloc_trim_r
                0x0010b3c0       0xf8 C:/devkitPro/devkitARM/bin/../lib/gcc/arm-none-eabi/14.1.0/../../../../arm-none-eabi/lib/armv6k/fpu\libg.a(libc_a-freer.o)
                0x0010b3c0                _malloc_trim_r
 .text._free_r  0x0010b4b8      0x300 C:/devkitPro/devkitARM/bin/../lib/gcc/arm-none-eabi/14.1.0/../../../../arm-none-eabi/lib/armv6k/fpu\libg.a(libc_a-freer.o)
                0x0010b4b8                _free_r
 .text.setvbuf  0x0010b7b8      0x294 C:/devkitPro/devkitARM/bin/../lib/gcc/arm-none-eabi/14.1.0/../../../../arm-none-eabi/lib/armv6k/fpu\libg.a(libc_a-setvbuf.o)
                0x0010b7b8                setvbuf
 .text.strnlen  0x0010ba4c       0x4c C:/devkitPro/devkitARM/bin/../lib/gcc/arm-none-eabi/14.1.0/../../../../arm-none-eabi/lib/armv6k/fpu\libg.a(libc_a-strnlen.o)
                0x0010ba4c                strnlen
 .text.__errno  0x0010ba98        0xc C:/devkitPro/devkitARM/bin/../lib/gcc/arm-none-eabi/14.1.0/../../../../arm-none-eabi/lib/armv6k/fpu\libg.a(libc_a-errno.o)
                0x0010ba98                __errno
 .text.malloc   0x0010baa4       0x34 C:/devkitPro/devkitARM/bin/../lib/gcc/arm-none-eabi/14.1.0/../../../../arm-none-eabi/lib/armv6k/fpu\libg.a(libc_a-malloc.o)
                0x0010baa4                malloc
 .text.free     0x0010bad8       0x18 C:/devkitPro/devkitARM/bin/../lib/gcc/arm-none-eabi/14.1.0/../../../../arm-none-eabi/lib/armv6k/fpu\libg.a(libc_a-malloc.o)
                0x0010bad8                free
 .text.memcpy   0x0010baf0      0x130 C:/devkitPro/devkitARM/bin/../lib/gcc/arm-none-eabi/14.1.0/../../../../arm-none-eabi/lib/armv6k/fpu\libg.a(libc_a-memcpy-stub.o)
                0x0010baf0                memcpy
 .text._puts_r  0x0010bc20       0xe0 C:/devkitPro/devkitARM/bin/../lib/gcc/arm-none-eabi/14.1.0/../../../../arm-none-eabi/lib/armv6k/fpu\libg.a(libc_a-puts.o)
                0x0010bc20                _puts_r
 .text.puts     0x0010bd00       0x18 C:/devkitPro/devkitARM/bin/../lib/gcc/arm-none-eabi/14.1.0/../../../../arm-none-eabi/lib/armv6k/fpu\libg.a(libc_a-puts.o)
                0x0010bd00                puts
 .text.memset   0x0010bd18       0xe8 C:/devkitPro/devkitARM/bin/../lib/gcc/arm-none-eabi/14.1.0/../../../../arm-none-eabi/lib/armv6k/fpu\libg.a(libc_a-memset.o)
                0x0010bd18                memset
 .text._fwalk_sglue
                0x0010be00       0x70 C:/devkitPro/devkitARM/bin/../lib/gcc/arm-none-eabi/14.1.0/../../../../arm-none-eabi/lib/armv6k/fpu\libg.a(libc_a-fwalk.o)
                0x0010be00                _fwalk_sglue
 .text.__malloc_lock
                0x0010be70        0xc C:/devkitPro/devkitARM/bin/../lib/gcc/arm-none-eabi/14.1.0/../../../../arm-none-eabi/lib/armv6k/fpu\libg.a(libc_a-mlock.o)
                0x0010be70                __malloc_lock
 .text.__malloc_unlock
                0x0010be7c        0xc C:/devkitPro/devkitARM/bin/../lib/gcc/arm-none-eabi/14.1.0/../../../../arm-none-eabi/lib/armv6k/fpu\libg.a(libc_a-mlock.o)
                0x0010be7c                __malloc_unlock
 .text.__call_exitprocs
                0x0010be88        0x4 C:/devkitPro/devkitARM/bin/../lib/gcc/arm-none-eabi/14.1.0/../../../../arm-none-eabi/lib/armv6k/fpu\libg.a(libc_a-exit.o)
                0x0010be88                __call_exitprocs
 .text.exit     0x0010be8c       0x30 C:/devkitPro/devkitARM/bin/../lib/gcc/arm-none-eabi/14.1.0/../../../../arm-none-eabi/lib/armv6k/fpu\libg.a(libc_a-exit.o)
                0x0010be8c                exit
 .text.strncpy  0x0010bebc       0xc4 C:/devkitPro/devkitARM/bin/../lib/gcc/arm-none-eabi/14.1.0/../../../../arm-none-eabi/lib/armv6k/fpu\libg.a(libc_a-strncpy.o)
                0x0010bebc                strncpy
 .text.__libc_init_array
                0x0010bf80       0x84 C:/devkitPro/devkitARM/bin/../lib/gcc/arm-none-eabi/14.1.0/../../../../arm-none-eabi/lib/armv6k/fpu\libg.a(libc_a-init.o)
                0x0010bf80                __libc_init_array
 .text.__sflush_r
                0x0010c004      0x228 C:/devkitPro/devkitARM/bin/../lib/gcc/arm-none-eabi/14.1.0/../../../../arm-none-eabi/lib/armv6k/fpu\libg.a(libc_a-fflush.o)
                0x0010c004                __sflush_r
 .text._fflush_r
                0x0010c22c       0x94 C:/devkitPro/devkitARM/bin/../lib/gcc/arm-none-eabi/14.1.0/../../../../arm-none-eabi/lib/armv6k/fpu\libg.a(libc_a-fflush.o)
                0x0010c22c                _fflush_r
 .text.__sfvwrite_r
                0x0010c2c0      0x480 C:/devkitPro/devkitARM/bin/../lib/gcc/arm-none-eabi/14.1.0/../../../../arm-none-eabi/lib/armv6k/fpu\libg.a(libc_a-fvwrite.o)
                0x0010c2c0                __sfvwrite_r
 .text._memalign_r
                0x0010c740      0x150 C:/devkitPro/devkitARM/bin/../lib/gcc/arm-none-eabi/14.1.0/../../../../arm-none-eabi/lib/armv6k/fpu\libg.a(libc_a-malignr.o)
                0x0010c740                _memalign_r
 .text.memchr   0x0010c890       0xe0 C:/devkitPro/devkitARM/bin/../lib/gcc/arm-none-eabi/14.1.0/../../../../arm-none-eabi/lib/armv6k/fpu\libg.a(libc_a-memchr-stub.o)
                0x0010c890                memchr
 .text.__libc_fini_array
                0x0010c970       0x3c C:/devkitPro/devkitARM/bin/../lib/gcc/arm-none-eabi/14.1.0/../../../../arm-none-eabi/lib/armv6k/fpu\libg.a(libc_a-fini.o)
                0x0010c970                __libc_fini_array
 .text.__sread  0x0010c9ac       0x44 C:/devkitPro/devkitARM/bin/../lib/gcc/arm-none-eabi/14.1.0/../../../../arm-none-eabi/lib/armv6k/fpu\libg.a(libc_a-stdio.o)
                0x0010c9ac                __sread
 .text.__swrite
                0x0010c9f0       0x68 C:/devkitPro/devkitARM/bin/../lib/gcc/arm-none-eabi/14.1.0/../../../../arm-none-eabi/lib/armv6k/fpu\libg.a(libc_a-stdio.o)
                0x0010c9f0                __swrite
 .text.__sseek  0x0010ca58       0x40 C:/devkitPro/devkitARM/bin/../lib/gcc/arm-none-eabi/14.1.0/../../../../arm-none-eabi/lib/armv6k/fpu\libg.a(libc_a-stdio.o)
                0x0010ca58                __sseek
 .text.__sclose
                0x0010ca98        0x8 C:/devkitPro/devkitARM/bin/../lib/gcc/arm-none-eabi/14.1.0/../../../../arm-none-eabi/lib/armv6k/fpu\libg.a(libc_a-stdio.o)
                0x0010ca98                __sclose
 .text._fclose_r
                0x0010caa0      0x148 C:/devkitPro/devkitARM/bin/../lib/gcc/arm-none-eabi/14.1.0/../../../../arm-none-eabi/lib/armv6k/fpu\libg.a(libc_a-fclose.o)
                0x0010caa0                _fclose_r
 .text.__smakebuf_r
                0x0010cbe8      0x144 C:/devkitPro/devkitARM/bin/../lib/gcc/arm-none-eabi/14.1.0/../../../../arm-none-eabi/lib/armv6k/fpu\libg.a(libc_a-makebuf.o)
                0x0010cbe8                __smakebuf_r
 .text.__swhatbuf_r
                0x0010cd2c       0x8c C:/devkitPro/devkitARM/bin/../lib/gcc/arm-none-eabi/14.1.0/../../../../arm-none-eabi/lib/armv6k/fpu\libg.a(libc_a-makebuf.o)
                0x0010cd2c                __swhatbuf_r
 .text._realloc_r
                0x0010cdb8      0x4a4 C:/devkitPro/devkitARM/bin/../lib/gcc/arm-none-eabi/14.1.0/../../../../arm-none-eabi/lib/armv6k/fpu\libg.a(libc_a-reallocr.o)
                0x0010cdb8                _realloc_r
 .text.__swsetup_r
                0x0010d25c      0x194 C:/devkitPro/devkitARM/bin/../lib/gcc/arm-none-eabi/14.1.0/../../../../arm-none-eabi/lib/armv6k/fpu\libg.a(libc_a-wsetup.o)
                0x0010d25c                __swsetup_r
 .text.memmove  0x0010d3f0      0x160 C:/devkitPro/devkitARM/bin/../lib/gcc/arm-none-eabi/14.1.0/../../../../arm-none-eabi/lib/armv6k/fpu\libg.a(libc_a-memmove.o)
                0x0010d3f0                memmove
 .text._exit    0x0010d550       0x20 C:/devkitPro/devkitARM/bin/../lib/gcc/arm-none-eabi/14.1.0/../../../../arm-none-eabi/lib/armv6k/fpu\libsysbase.a(libsysbase_libsysbase_a-_exit.o)
                0x0010d550                _exit
 .text.chdir    0x0010d570      0x13c C:/devkitPro/devkitARM/bin/../lib/gcc/arm-none-eabi/14.1.0/../../../../arm-none-eabi/lib/armv6k/fpu\libsysbase.a(libsysbase_libsysbase_a-chdir.o)
                0x0010d570                chdir
 .text._concatenate_path
                0x0010d6ac      0x1cc C:/devkitPro/devkitARM/bin/../lib/gcc/arm-none-eabi/14.1.0/../../../../arm-none-eabi/lib/armv6k/fpu\libsysbase.a(libsysbase_libsysbase_a-concatenate.o)
                0x0010d6ac                _concatenate_path
 .text._fstat_r
                0x0010d878       0x88 C:/devkitPro/devkitARM/bin/../lib/gcc/arm-none-eabi/14.1.0/../../../../arm-none-eabi/lib/armv6k/fpu\libsysbase.a(libsysbase_libsysbase_a-fstat.o)
                0x0010d878                _fstat_r
 .text.__getreent
                0x0010d900       0x2c C:/devkitPro/devkitARM/bin/../lib/gcc/arm-none-eabi/14.1.0/../../../../arm-none-eabi/lib/armv6k/fpu\libsysbase.a(libsysbase_libsysbase_a-getreent.o)
                0x0010d900                __getreent
 .text.__get_handle
                0x0010d92c       0x3c C:/devkitPro/devkitARM/bin/../lib/gcc/arm-none-eabi/14.1.0/../../../../arm-none-eabi/lib/armv6k/fpu\libsysbase.a(libsysbase_libsysbase_a-handle_manager.o)
                0x0010d92c                __get_handle
 .text._close_r
                0x0010d968       0xf4 C:/devkitPro/devkitARM/bin/../lib/gcc/arm-none-eabi/14.1.0/../../../../arm-none-eabi/lib/armv6k/fpu\libsysbase.a(libsysbase_libsysbase_a-handle_manager.o)
                0x0010d968                _close_r
 .text.null_write
                0x0010da5c        0x8 C:/devkitPro/devkitARM/bin/../lib/gcc/arm-none-eabi/14.1.0/../../../../arm-none-eabi/lib/armv6k/fpu\libsysbase.a(libsysbase_libsysbase_a-iosupport.o)
 .text.setDefaultDevice
                0x0010da64       0x18 C:/devkitPro/devkitARM/bin/../lib/gcc/arm-none-eabi/14.1.0/../../../../arm-none-eabi/lib/armv6k/fpu\libsysbase.a(libsysbase_libsysbase_a-iosupport.o)
                0x0010da64                setDefaultDevice
 .text.FindDevice
                0x0010da7c       0xc8 C:/devkitPro/devkitARM/bin/../lib/gcc/arm-none-eabi/14.1.0/../../../../arm-none-eabi/lib/armv6k/fpu\libsysbase.a(libsysbase_libsysbase_a-iosupport.o)
                0x0010da7c                FindDevice
 .text.RemoveDevice
                0x0010db44       0x28 C:/devkitPro/devkitARM/bin/../lib/gcc/arm-none-eabi/14.1.0/../../../../arm-none-eabi/lib/armv6k/fpu\libsysbase.a(libsysbase_libsysbase_a-iosupport.o)
                0x0010db44                RemoveDevice
 .text.AddDevice
                0x0010db6c       0x98 C:/devkitPro/devkitARM/bin/../lib/gcc/arm-none-eabi/14.1.0/../../../../arm-none-eabi/lib/armv6k/fpu\libsysbase.a(libsysbase_libsysbase_a-iosupport.o)
                0x0010db6c                AddDevice
 .text.GetDeviceOpTab
                0x0010dc04       0x20 C:/devkitPro/devkitARM/bin/../lib/gcc/arm-none-eabi/14.1.0/../../../../arm-none-eabi/lib/armv6k/fpu\libsysbase.a(libsysbase_libsysbase_a-iosupport.o)
                0x0010dc04                GetDeviceOpTab
 .text._isatty_r
                0x0010dc24        0x8 C:/devkitPro/devkitARM/bin/../lib/gcc/arm-none-eabi/14.1.0/../../../../arm-none-eabi/lib/armv6k/fpu\libsysbase.a(libsysbase_libsysbase_a-isatty.o)
                0x0010dc24                _isatty_r
 .text._lseek_r
                0x0010dc2c       0x8c C:/devkitPro/devkitARM/bin/../lib/gcc/arm-none-eabi/14.1.0/../../../../arm-none-eabi/lib/armv6k/fpu\libsysbase.a(libsysbase_libsysbase_a-lseek.o)
                0x0010dc2c                _lseek_r
 .text._read_r  0x0010dcb8       0x88 C:/devkitPro/devkitARM/bin/../lib/gcc/arm-none-eabi/14.1.0/../../../../arm-none-eabi/lib/armv6k/fpu\libsysbase.a(libsysbase_libsysbase_a-read.o)
                0x0010dcb8                _read_r
 .text._sbrk_r  0x0010dd40       0x78 C:/devkitPro/devkitARM/bin/../lib/gcc/arm-none-eabi/14.1.0/../../../../arm-none-eabi/lib/armv6k/fpu\libsysbase.a(libsysbase_libsysbase_a-sbrk.o)
                0x0010dd40                _sbrk_r
 .text.__libc_lock_acquire
                0x0010ddb8       0x1c C:/devkitPro/devkitARM/bin/../lib/gcc/arm-none-eabi/14.1.0/../../../../arm-none-eabi/lib/armv6k/fpu\libsysbase.a(libsysbase_libsysbase_a-syscall_support.o)
                0x0010ddb8                __libc_lock_acquire
 .text.__libc_lock_release
                0x0010ddd4       0x1c C:/devkitPro/devkitARM/bin/../lib/gcc/arm-none-eabi/14.1.0/../../../../arm-none-eabi/lib/armv6k/fpu\libsysbase.a(libsysbase_libsysbase_a-syscall_support.o)
                0x0010ddd4                __libc_lock_release
 .text.__libc_lock_acquire_recursive
                0x0010ddf0       0x1c C:/devkitPro/devkitARM/bin/../lib/gcc/arm-none-eabi/14.1.0/../../../../arm-none-eabi/lib/armv6k/fpu\libsysbase.a(libsysbase_libsysbase_a-syscall_support.o)
                0x0010ddf0                __libc_lock_acquire_recursive
 .text.__libc_lock_release_recursive
                0x0010de0c       0x1c C:/devkitPro/devkitARM/bin/../lib/gcc/arm-none-eabi/14.1.0/../../../../arm-none-eabi/lib/armv6k/fpu\libsysbase.a(libsysbase_libsysbase_a-syscall_support.o)
                0x0010de0c                __libc_lock_release_recursive
 .text._write_r
                0x0010de28       0x88 C:/devkitPro/devkitARM/bin/../lib/gcc/arm-none-eabi/14.1.0/../../../../arm-none-eabi/lib/armv6k/fpu\libsysbase.a(libsysbase_libsysbase_a-write.o)
                0x0010de28                _write_r
 .text.strchr   0x0010deb0      0x130 C:/devkitPro/devkitARM/bin/../lib/gcc/arm-none-eabi/14.1.0/../../../../arm-none-eabi/lib/armv6k/fpu\libg.a(libc_a-strchr.o)
                0x0010deb0                strchr
 .text.strrchr  0x0010dfe0       0x48 C:/devkitPro/devkitARM/bin/../lib/gcc/arm-none-eabi/14.1.0/../../../../arm-none-eabi/lib/armv6k/fpu\libg.a(libc_a-strrchr.o)
                0x0010dfe0                strrchr
 *(.glue_7)
 .glue_7        0x0010e028        0x0 linker stubs
 *(.glue_7t)
 .glue_7t       0x0010e028        0x0 linker stubs
 *(.stub)
 *(.gnu.warning)
 *(.gnu.linkonce.t*)
                0x0010e028                        . = ALIGN (0x4)
 *(.fini)
 .fini          0x0010e028        0xc C:/devkitPro/devkitARM/bin/../lib/gcc/arm-none-eabi/14.1.0/armv6k/fpu/crti.o
                0x0010e028                _fini
 .fini          0x0010e034        0xc C:/devkitPro/devkitARM/bin/../lib/gcc/arm-none-eabi/14.1.0/armv6k/fpu/crtn.o
                0x0010e040                        . = ALIGN (0x4)

.vfp11_veneer   0x0010e040        0x0
 .vfp11_veneer  0x0010e040        0x0 linker stubs

.v4_bx          0x0010e040        0x0
 .v4_bx         0x0010e040        0x0 linker stubs

.iplt           0x0010e040        0x0
 .iplt          0x0010e040        0x0 C:/devkitPro/devkitARM/bin/../lib/gcc/arm-none-eabi/14.1.0/../../../../arm-none-eabi/lib/armv6k/fpu/3dsx_crt0.o
                0x0010f000                        . = ALIGN (0x1000)

.rodata         0x0010f000      0xbec
 *(.rodata)
 .rodata        0x0010f000        0xc C:/devkitPro/libctru/lib\libctru.a(archive_dev.o)
 *(.roda)
 *(.rodata.*)
 .rodata.str1.4
                0x0010f00c       0xbe main.o
                                 0x1e (size before relaxing)
 .rodata.str1.4
                0x0010f0ca       0x10 C:/devkitPro/libctru/lib\libctru.a(console.o)
 *fill*         0x0010f0ca        0x2 
 .rodata.dotab_stdout
                0x0010f0cc       0x80 C:/devkitPro/libctru/lib\libctru.a(console.o)
 .rodata.grayScale
                0x0010f14c       0x18 C:/devkitPro/libctru/lib\libctru.a(console.o)
 .rodata.colorCube
                0x0010f164        0x6 C:/devkitPro/libctru/lib\libctru.a(console.o)
 *fill*         0x0010f16a        0x2 
 .rodata.colorTable
                0x0010f16c       0x30 C:/devkitPro/libctru/lib\libctru.a(console.o)
 .rodata.aptSendCommand.str1.4
                0x0010f19c       0x16 C:/devkitPro/libctru/lib\libctru.a(apt.o)
 .rodata.morton_y.2
                0x0010f19c        0x8 C:/devkitPro/libctru/lib\libctru.a(apt.o)
 .rodata.morton_x.3
                0x0010f1a4        0x8 C:/devkitPro/libctru/lib\libctru.a(apt.o)
 .rodata.s_sleepWakeEvents.4
                0x0010f1ac        0x8 C:/devkitPro/libctru/lib\libctru.a(apt.o)
 .rodata.gspInit.str1.4
                0x0010f1b4        0x9 C:/devkitPro/libctru/lib\libctru.a(gspgpu.o)
 .rodata.hidInit.str1.4
                0x0010f1b4       0x15 C:/devkitPro/libctru/lib\libctru.a(hid.o)
 .rodata.irrstInit.str1.4
                0x0010f1b4        0x7 C:/devkitPro/libctru/lib\libctru.a(irrst.o)
 .rodata.__system_initArgv.str1.4
                0x0010f1b4        0xa C:/devkitPro/libctru/lib\libctru.a(initArgv.o)
 .rodata.default_font_bin
                0x0010f1b4      0x800 C:/devkitPro/libctru/lib\libctru.a(default_font.bin.o)
                0x0010f1b4                default_font_bin
                0x0010f9b4                default_font_bin_end
 .rodata.srvInit.str1.4
                0x0010f9b4        0x5 C:/devkitPro/libctru/lib\libctru.a(srv.o)
 .rodata.ptmSysmInit.str1.4
                0x0010f9b4        0x9 C:/devkitPro/libctru/lib\libctru.a(ptmsysm.o)
 .rodata.archive_utf16path.str1.4
                0x0010f9b4        0x2 C:/devkitPro/libctru/lib\libctru.a(archive_dev.o)
 .rodata._archiveUnmountDeviceStruct.part.0.str1.4
                0x0010f9b4        0x2 C:/devkitPro/libctru/lib\libctru.a(archive_dev.o)
 .rodata._archiveMountDevice.str1.4
                0x0010f9b4        0xc C:/devkitPro/libctru/lib\libctru.a(archive_dev.o)
 .rodata.archiveMountSdmc.str1.4
                0x0010f9b4        0x5 C:/devkitPro/libctru/lib\libctru.a(archive_dev.o)
 .rodata.error_table
                0x0010f9b4       0x30 C:/devkitPro/libctru/lib\libctru.a(archive_dev.o)
 .rodata.str1.4
                0x0010f9e4        0x8 C:/devkitPro/libctru/lib\libctru.a(archive_dev.o)
 .rodata.archive_devoptab
                0x0010f9e4       0x80 C:/devkitPro/libctru/lib\libctru.a(archive_dev.o)
 .rodata.fsInit.str1.4
                0x0010fa64        0x8 C:/devkitPro/libctru/lib\libctru.a(fs.o)
 .rodata._ctype_
                0x0010fa64      0x101 C:/devkitPro/devkitARM/bin/../lib/gcc/arm-none-eabi/14.1.0/../../../../arm-none-eabi/lib/armv6k/fpu\libg.a(libc_a-ctype_.o)
                0x0010fa64                _ctype_
 .rodata._puts_r.str1.4
                0x0010fb65        0x2 C:/devkitPro/devkitARM/bin/../lib/gcc/arm-none-eabi/14.1.0/../../../../arm-none-eabi/lib/armv6k/fpu\libg.a(libc_a-puts.o)
 .rodata.AddDevice.str1.4
                0x0010fb65        0x8 C:/devkitPro/devkitARM/bin/../lib/gcc/arm-none-eabi/14.1.0/../../../../arm-none-eabi/lib/armv6k/fpu\libsysbase.a(libsysbase_libsysbase_a-iosupport.o)
 *fill*         0x0010fb65        0x3 
 .rodata.dotab_stdnull
                0x0010fb68       0x80 C:/devkitPro/devkitARM/bin/../lib/gcc/arm-none-eabi/14.1.0/../../../../arm-none-eabi/lib/armv6k/fpu\libsysbase.a(libsysbase_libsysbase_a-iosupport.o)
                0x0010fb68                dotab_stdnull
 *all.rodata*(*)
 *(.gnu.linkonce.r*)
                0x0010fbe8                        . = ALIGN (0x4)
                0x0010fbe8                        __tdata_align = .
                0x0010fbe8        0x4 LONG 0x4 ALIGNOF (.tdata)
                0x0010fbec                        . = ALIGN (0x4)

.eh_frame       0x0010fbec        0x0
 .eh_frame      0x0010fbec        0x0 C:/devkitPro/devkitARM/bin/../lib/gcc/arm-none-eabi/14.1.0/armv6k/fpu/crtbegin.o

.rel.dyn        0x0010fbec        0x0
 .rel.iplt      0x0010fbec        0x0 C:/devkitPro/devkitARM/bin/../lib/gcc/arm-none-eabi/14.1.0/../../../../arm-none-eabi/lib/armv6k/fpu/3dsx_crt0.o
 .rel.got       0x0010fbec        0x0 C:/devkitPro/devkitARM/bin/../lib/gcc/arm-none-eabi/14.1.0/../../../../arm-none-eabi/lib/armv6k/fpu/3dsx_crt0.o

.ARM.extab
 *(.ARM.extab* .gnu.linkonce.armextab.*)
                0x0010fbec                        __exidx_start = .

.ARM.exidx
 *(.ARM.exidx* .gnu.linkonce.armexidx.*)
                0x0010fbec                        __exidx_end = .
                0x00110000                        . = ALIGN (0x1000)

.data           0x00110000     0x1a5c
 *(.data)
 *(.data.*)
 .data.firstConsoleInit.0
                0x00110000        0x1 C:/devkitPro/libctru/lib\libctru.a(console.o)
 *fill*         0x00110001        0x3 
 .data.currentConsole
                0x00110004        0x4 C:/devkitPro/libctru/lib\libctru.a(console.o)
                0x00110004                currentConsole
 .data.defaultConsole
                0x00110008       0x48 C:/devkitPro/libctru/lib\libctru.a(console.o)
                0x00110008                defaultConsole
 .data.aptChainloadDeliverArgSize
                0x00110050        0x4 C:/devkitPro/libctru/lib\libctru.a(apt.o)
 .data.kCount   0x00110054        0x4 C:/devkitPro/libctru/lib\libctru.a(hid.o)
 .data.kInterval
                0x00110058        0x4 C:/devkitPro/libctru/lib\libctru.a(hid.o)
 .data.kDelay   0x0011005c        0x4 C:/devkitPro/libctru/lib\libctru.a(hid.o)
 .data.__stacksize__
                0x00110060        0x4 C:/devkitPro/libctru/lib\libctru.a(stack_adjust.o)
                0x00110060                __stacksize__
 .data._impure_ptr
                0x00110064        0x4 C:/devkitPro/devkitARM/bin/../lib/gcc/arm-none-eabi/14.1.0/../../../../arm-none-eabi/lib/armv6k/fpu\libg.a(libc_a-impure.o)
                0x00110064                _impure_ptr
 .data._impure_data
                0x00110068      0x120 C:/devkitPro/devkitARM/bin/../lib/gcc/arm-none-eabi/14.1.0/../../../../arm-none-eabi/lib/armv6k/fpu\libg.a(libc_a-impure.o)
                0x00110068                _impure_data
 .data.__sglue  0x00110188        0xc C:/devkitPro/devkitARM/bin/../lib/gcc/arm-none-eabi/14.1.0/../../../../arm-none-eabi/lib/armv6k/fpu\libg.a(libc_a-findfp.o)
                0x00110188                __sglue
 .data.__malloc_sbrk_base
                0x00110194        0x4 C:/devkitPro/devkitARM/bin/../lib/gcc/arm-none-eabi/14.1.0/../../../../arm-none-eabi/lib/armv6k/fpu\libg.a(libc_a-mallocr.o)
                0x00110194                __malloc_sbrk_base
 .data.__malloc_trim_threshold
                0x00110198        0x4 C:/devkitPro/devkitARM/bin/../lib/gcc/arm-none-eabi/14.1.0/../../../../arm-none-eabi/lib/armv6k/fpu\libg.a(libc_a-mallocr.o)
                0x00110198                __malloc_trim_threshold
 *fill*         0x0011019c        0x4 
 .data.__malloc_av_
                0x001101a0      0x408 C:/devkitPro/devkitARM/bin/../lib/gcc/arm-none-eabi/14.1.0/../../../../arm-none-eabi/lib/armv6k/fpu\libg.a(libc_a-mallocr.o)
                0x001101a0                __malloc_av_
 .data._current_working_directory
                0x001105a8      0x400 C:/devkitPro/devkitARM/bin/../lib/gcc/arm-none-eabi/14.1.0/../../../../arm-none-eabi/lib/armv6k/fpu\libsysbase.a(libsysbase_libsysbase_a-chdir.o)
 .data.handles  0x001109a8     0x1000 C:/devkitPro/devkitARM/bin/../lib/gcc/arm-none-eabi/14.1.0/../../../../arm-none-eabi/lib/armv6k/fpu\libsysbase.a(libsysbase_libsysbase_a-handle_manager.o)
 .data.__stderr_handle
                0x001119a8        0xc C:/devkitPro/devkitARM/bin/../lib/gcc/arm-none-eabi/14.1.0/../../../../arm-none-eabi/lib/armv6k/fpu\libsysbase.a(libsysbase_libsysbase_a-handle_manager.o)
 .data.__stdout_handle
                0x001119b4        0xc C:/devkitPro/devkitARM/bin/../lib/gcc/arm-none-eabi/14.1.0/../../../../arm-none-eabi/lib/armv6k/fpu\libsysbase.a(libsysbase_libsysbase_a-handle_manager.o)
 .data.__stdin_handle
                0x001119c0        0xc C:/devkitPro/devkitARM/bin/../lib/gcc/arm-none-eabi/14.1.0/../../../../arm-none-eabi/lib/armv6k/fpu\libsysbase.a(libsysbase_libsysbase_a-handle_manager.o)
 .data.devoptab_list
                0x001119cc       0x8c C:/devkitPro/devkitARM/bin/../lib/gcc/arm-none-eabi/14.1.0/../../../../arm-none-eabi/lib/armv6k/fpu\libsysbase.a(libsysbase_libsysbase_a-iosupport.o)
                0x001119cc                devoptab_list
 .data.defaultDevice
                0x00111a58        0x4 C:/devkitPro/devkitARM/bin/../lib/gcc/arm-none-eabi/14.1.0/../../../../arm-none-eabi/lib/armv6k/fpu\libsysbase.a(libsysbase_libsysbase_a-iosupport.o)
 *(.gnu.linkonce.d*)
                0x00111a5c                        . = ALIGN (0x4)

.igot.plt       0x00111a5c        0x0
 .igot.plt      0x00111a5c        0x0 C:/devkitPro/devkitARM/bin/../lib/gcc/arm-none-eabi/14.1.0/../../../../arm-none-eabi/lib/armv6k/fpu/3dsx_crt0.o

.got            0x00111a5c        0x8
 .got           0x00111a5c        0x8 C:/devkitPro/devkitARM/bin/../lib/gcc/arm-none-eabi/14.1.0/../../../../arm-none-eabi/lib/armv6k/fpu/3dsx_crt0.o

.got.plt        0x00111a64        0xc
 .got.plt       0x00111a64        0xc C:/devkitPro/devkitARM/bin/../lib/gcc/arm-none-eabi/14.1.0/../../../../arm-none-eabi/lib/armv6k/fpu/3dsx_crt0.o
                0x00111a64                _GLOBAL_OFFSET_TABLE_

.tdata          0x00111a70        0x0
                0x00111a70                        __tdata_lma = .
 *(.tdata)
 *(.tdata.*)
 *(.gnu.linkonce.td.*)
                0x00111a70                        . = ALIGN (0x4)
                0x00111a70                        __tdata_lma_end = .

.tbss           0x00111a70      0xc08
 *(.tbss)
 *(.tbss.*)
 .tbss.__ctru_dev_utf16_buf
                0x00111a70      0x802 C:/devkitPro/libctru/lib\libctru.a(path_buf.o)
                0x00111a70                __ctru_dev_utf16_buf
 *fill*         0x00112272        0x2 
 .tbss.__ctru_dev_path_buf
                0x00112274      0x401 C:/devkitPro/libctru/lib\libctru.a(path_buf.o)
                0x00112274                __ctru_dev_path_buf
 *(.gnu.linkonce.tb.*)
 *(.tcommon)
                0x00112678                        . = ALIGN (0x4)
 *fill*         0x00112675        0x3 

.preinit_array  0x00111a70        0x0
                0x00111a70                        PROVIDE (__preinit_array_start = .)
 *(.preinit_array)
                0x00111a70                        PROVIDE (__preinit_array_end = .)

.init_array     0x00111a70        0x4
                0x00111a70                        PROVIDE (__init_array_start = .)
 *(SORT_BY_NAME(.init_array.*))
 *(.init_array)
 .init_array    0x00111a70        0x4 C:/devkitPro/devkitARM/bin/../lib/gcc/arm-none-eabi/14.1.0/armv6k/fpu/crtbegin.o
                0x00111a74                        PROVIDE (__init_array_end = .)

.fini_array     0x00111a74        0x4
                0x00111a74                        PROVIDE (__fini_array_start = .)
 *(.fini_array)
 .fini_array    0x00111a74        0x4 C:/devkitPro/devkitARM/bin/../lib/gcc/arm-none-eabi/14.1.0/armv6k/fpu/crtbegin.o
 *(SORT_BY_NAME(.fini_array.*))
                0x00111a78                        PROVIDE (__fini_array_end = .)

.ctors
 *crtbegin.o(.ctors)
 *(EXCLUDE_FILE(*crtend.o) .ctors)
 *(SORT_BY_NAME(.ctors.*))
 *(.ctors)

.dtors
 *crtbegin.o(.dtors)
 *(EXCLUDE_FILE(*crtend.o) .dtors)
 *(SORT_BY_NAME(.dtors.*))
 *(.dtors)
                0x00111a78                        __bss_start__ = .

.bss            0x00111a78     0x2de4
 *(.dynbss)
 *(.bss)
 *(.bss.*)
 .bss.completed.1
                0x00111a78        0x1 C:/devkitPro/devkitARM/bin/../lib/gcc/arm-none-eabi/14.1.0/armv6k/fpu/crtbegin.o
 *fill*         0x00111a79        0x3 
 .bss.object.0  0x00111a7c       0x18 C:/devkitPro/devkitARM/bin/../lib/gcc/arm-none-eabi/14.1.0/armv6k/fpu/crtbegin.o
 .bss.escapeSeq
                0x00111a94       0x1c C:/devkitPro/libctru/lib\libctru.a(console.o)
 .bss.currentCopy
                0x00111ab0       0x48 C:/devkitPro/libctru/lib\libctru.a(console.o)
                0x00111ab0                currentCopy
 .bss.screenAlloc
                0x00111af8        0x4 C:/devkitPro/libctru/lib\libctru.a(gfx.o)
 .bss.screenFree
                0x00111afc        0x4 C:/devkitPro/libctru/lib\libctru.a(gfx.o)
 .bss.gfxIsDoubleBuf
                0x00111b00        0x2 C:/devkitPro/libctru/lib\libctru.a(gfx.o)
 *fill*         0x00111b02        0x2 
 .bss.gfxCurBuf
                0x00111b04        0x2 C:/devkitPro/libctru/lib\libctru.a(gfx.o)
 .bss.gfxIsVram
                0x00111b06        0x1 C:/devkitPro/libctru/lib\libctru.a(gfx.o)
 .bss.gfxTopMode
                0x00111b07        0x1 C:/devkitPro/libctru/lib\libctru.a(gfx.o)
 .bss.gfxFramebufferFormats
                0x00111b08        0x2 C:/devkitPro/libctru/lib\libctru.a(gfx.o)
 *fill*         0x00111b0a        0x2 
 .bss.gfxBottomFramebufferMaxSize
                0x00111b0c        0x4 C:/devkitPro/libctru/lib\libctru.a(gfx.o)
 .bss.gfxTopFramebufferMaxSize
                0x00111b10        0x4 C:/devkitPro/libctru/lib\libctru.a(gfx.o)
 *fill*         0x00111b14        0x4 
 .bss.gfxBottomFramebuffers
                0x00111b18        0x8 C:/devkitPro/libctru/lib\libctru.a(gfx.o)
 .bss.gfxTopFramebuffers
                0x00111b20        0x8 C:/devkitPro/libctru/lib\libctru.a(gfx.o)
 .bss.flagValue.0
                0x00111b28        0x1 C:/devkitPro/libctru/lib\libctru.a(apt.o)
 .bss.flagInit.1
                0x00111b29        0x1 C:/devkitPro/libctru/lib\libctru.a(apt.o)
 *fill*         0x00111b2a        0x2 
 .bss.serviceName.6
                0x00111b2c        0x4 C:/devkitPro/libctru/lib\libctru.a(apt.o)
 .bss.aptChainloadFlags
                0x00111b30        0x1 C:/devkitPro/libctru/lib\libctru.a(apt.o)
 .bss.aptChainloadMediatype
                0x00111b31        0x1 C:/devkitPro/libctru/lib\libctru.a(apt.o)
 *fill*         0x00111b32        0x2 
 .bss.aptChainloadHmac
                0x00111b34       0x20 C:/devkitPro/libctru/lib\libctru.a(apt.o)
 .bss.aptChainloadDeliverArg
                0x00111b54      0x300 C:/devkitPro/libctru/lib\libctru.a(apt.o)
 *fill*         0x00111e54        0x4 
 .bss.aptChainloadTid
                0x00111e58        0x8 C:/devkitPro/libctru/lib\libctru.a(apt.o)
 .bss.aptParameters
                0x00111e60     0x1000 C:/devkitPro/libctru/lib\libctru.a(apt.o)
 .bss.aptFlags  0x00112e60        0x4 C:/devkitPro/libctru/lib\libctru.a(apt.o)
 .bss.aptHomeButtonState
                0x00112e64        0x1 C:/devkitPro/libctru/lib\libctru.a(apt.o)
 *fill*         0x00112e65        0x3 
 .bss.aptMessageFuncData
                0x00112e68        0x4 C:/devkitPro/libctru/lib\libctru.a(apt.o)
 .bss.aptMessageFunc
                0x00112e6c        0x4 C:/devkitPro/libctru/lib\libctru.a(apt.o)
 .bss.aptFirstHook
                0x00112e70        0xc C:/devkitPro/libctru/lib\libctru.a(apt.o)
 .bss.aptEventHandlerThreadQuit
                0x00112e7c        0x1 C:/devkitPro/libctru/lib\libctru.a(apt.o)
 *fill*         0x00112e7d        0x3 
 .bss.aptEventHandlerThread
                0x00112e80        0x4 C:/devkitPro/libctru/lib\libctru.a(apt.o)
 .bss.aptSleepEvent
                0x00112e84        0x8 C:/devkitPro/libctru/lib\libctru.a(apt.o)
 .bss.aptReceiveEvent
                0x00112e8c        0x8 C:/devkitPro/libctru/lib\libctru.a(apt.o)
 .bss.aptEvents
                0x00112e94        0x8 C:/devkitPro/libctru/lib\libctru.a(apt.o)
 .bss.aptLockHandle
                0x00112e9c        0x4 C:/devkitPro/libctru/lib\libctru.a(apt.o)
 .bss.aptRefCount
                0x00112ea0        0x4 C:/devkitPro/libctru/lib\libctru.a(apt.o)
 .bss.gspEventCbOneShot
                0x00112ea4        0x7 C:/devkitPro/libctru/lib\libctru.a(gspgpu.o)
 *fill*         0x00112eab        0x1 
 .bss.gspEventCbData
                0x00112eac       0x1c C:/devkitPro/libctru/lib\libctru.a(gspgpu.o)
 .bss.gspEventCb
                0x00112ec8       0x1c C:/devkitPro/libctru/lib\libctru.a(gspgpu.o)
 .bss.gspEvents
                0x00112ee4       0x38 C:/devkitPro/libctru/lib\libctru.a(gspgpu.o)
 .bss.gspLastEvent
                0x00112f1c        0x4 C:/devkitPro/libctru/lib\libctru.a(gspgpu.o)
 .bss.gspRunEvents
                0x00112f20        0x1 C:/devkitPro/libctru/lib\libctru.a(gspgpu.o)
 *fill*         0x00112f21        0x3 
 .bss.gspEventThread
                0x00112f24        0x4 C:/devkitPro/libctru/lib\libctru.a(gspgpu.o)
 .bss.gspEvent  0x00112f28        0x4 C:/devkitPro/libctru/lib\libctru.a(gspgpu.o)
 .bss.gspGpuRight
                0x00112f2c        0x1 C:/devkitPro/libctru/lib\libctru.a(gspgpu.o)
 .bss.gspThreadId
                0x00112f2d        0x1 C:/devkitPro/libctru/lib\libctru.a(gspgpu.o)
 *fill*         0x00112f2e        0x2 
 .bss.gspSharedMem
                0x00112f30        0x4 C:/devkitPro/libctru/lib\libctru.a(gspgpu.o)
 .bss.gspSharedMemHandle
                0x00112f34        0x4 C:/devkitPro/libctru/lib\libctru.a(gspgpu.o)
 .bss.gspRefCount
                0x00112f38        0x4 C:/devkitPro/libctru/lib\libctru.a(gspgpu.o)
 .bss.gspGpuHandle
                0x00112f3c        0x4 C:/devkitPro/libctru/lib\libctru.a(gspgpu.o)
 .bss.usingIrrst
                0x00112f40        0x1 C:/devkitPro/libctru/lib\libctru.a(hid.o)
 *fill*         0x00112f41        0x3 
 .bss.hidRefCount
                0x00112f44        0x4 C:/devkitPro/libctru/lib\libctru.a(hid.o)
 .bss.gRate     0x00112f48        0x6 C:/devkitPro/libctru/lib\libctru.a(hid.o)
 *fill*         0x00112f4e        0x2 
 .bss.aVec      0x00112f50        0x6 C:/devkitPro/libctru/lib\libctru.a(hid.o)
 *fill*         0x00112f56        0x2 
 .bss.cPos      0x00112f58        0x4 C:/devkitPro/libctru/lib\libctru.a(hid.o)
 .bss.tPos      0x00112f5c        0x4 C:/devkitPro/libctru/lib\libctru.a(hid.o)
 .bss.kRepeat   0x00112f60        0x4 C:/devkitPro/libctru/lib\libctru.a(hid.o)
 .bss.kUp       0x00112f64        0x4 C:/devkitPro/libctru/lib\libctru.a(hid.o)
 .bss.kDown     0x00112f68        0x4 C:/devkitPro/libctru/lib\libctru.a(hid.o)
 .bss.kHeld     0x00112f6c        0x4 C:/devkitPro/libctru/lib\libctru.a(hid.o)
 .bss.kOld      0x00112f70        0x4 C:/devkitPro/libctru/lib\libctru.a(hid.o)
 .bss.hidSharedMem
                0x00112f74        0x4 C:/devkitPro/libctru/lib\libctru.a(hid.o)
                0x00112f74                hidSharedMem
 .bss.hidEvents
                0x00112f78       0x14 C:/devkitPro/libctru/lib\libctru.a(hid.o)
                0x00112f78                hidEvents
 .bss.hidMemHandle
                0x00112f8c        0x4 C:/devkitPro/libctru/lib\libctru.a(hid.o)
                0x00112f8c                hidMemHandle
 .bss.hidHandle
                0x00112f90        0x4 C:/devkitPro/libctru/lib\libctru.a(hid.o)
                0x00112f90                hidHandle
 .bss.irrstRefCount
                0x00112f94        0x4 C:/devkitPro/libctru/lib\libctru.a(irrst.o)
 .bss.csPos     0x00112f98        0x4 C:/devkitPro/libctru/lib\libctru.a(irrst.o)
 .bss.kHeld     0x00112f9c        0x4 C:/devkitPro/libctru/lib\libctru.a(irrst.o)
 .bss.irrstSharedMem
                0x00112fa0        0x4 C:/devkitPro/libctru/lib\libctru.a(irrst.o)
                0x00112fa0                irrstSharedMem
 .bss.irrstEvent
                0x00112fa4        0x4 C:/devkitPro/libctru/lib\libctru.a(irrst.o)
                0x00112fa4                irrstEvent
 .bss.irrstMemHandle
                0x00112fa8        0x4 C:/devkitPro/libctru/lib\libctru.a(irrst.o)
                0x00112fa8                irrstMemHandle
 .bss.irrstHandle
                0x00112fac        0x4 C:/devkitPro/libctru/lib\libctru.a(irrst.o)
                0x00112fac                irrstHandle
 .bss.__system_retAddr
                0x00112fb0        0x4 C:/devkitPro/libctru/lib\libctru.a(ctru_init.o)
                0x00112fb0                __system_retAddr
 .bss.__system_argv
                0x00112fb4        0x4 C:/devkitPro/libctru/lib\libctru.a(initArgv.o)
                0x00112fb4                __system_argv
 .bss.__system_argc
                0x00112fb8        0x4 C:/devkitPro/libctru/lib\libctru.a(initArgv.o)
                0x00112fb8                __system_argc
 .bss.saved_stack.42
                0x00112fbc        0x8 C:/devkitPro/libctru/lib\libctru.a(stack_adjust.o)
 *fill*         0x00112fc4        0x4 
 .bss._ZL11sLinearPool
                0x00112fc8        0x8 C:/devkitPro/libctru/lib\libctru.a(linear.o)
 .bss._ZL8sAddrMap
                0x00112fd0        0xc C:/devkitPro/libctru/lib\libctru.a(linear.o)
 *fill*         0x00112fdc        0x4 
 .bss._ZL10sVramPoolB
                0x00112fe0        0x8 C:/devkitPro/libctru/lib\libctru.a(vram.o)
 .bss._ZL10sVramPoolA
                0x00112fe8        0x8 C:/devkitPro/libctru/lib\libctru.a(vram.o)
 .bss._ZL8sAddrMap
                0x00112ff0        0xc C:/devkitPro/libctru/lib\libctru.a(vram.o)
 .bss.__3dslink_host
                0x00112ffc        0x4 C:/devkitPro/libctru/lib\libctru.a(3dslink.o)
                0x00112ffc                __3dslink_host
 .bss.__ctru_speedup
                0x00113000        0x1 C:/devkitPro/libctru/lib\libctru.a(os.o)
                0x00113000                __ctru_speedup
 *fill*         0x00113001        0x3 
 .bss.srvRefCount
                0x00113004        0x4 C:/devkitPro/libctru/lib\libctru.a(srv.o)
 .bss.srvHandle
                0x00113008        0x4 C:/devkitPro/libctru/lib\libctru.a(srv.o)
 .bss.arbiter   0x0011300c        0x4 C:/devkitPro/libctru/lib\libctru.a(synchronization.o)
 .bss.currentAddr
                0x00113010        0x4 C:/devkitPro/libctru/lib\libctru.a(mappable.o)
 .bss.maxAddr   0x00113014        0x4 C:/devkitPro/libctru/lib\libctru.a(mappable.o)
 .bss.minAddr   0x00113018        0x4 C:/devkitPro/libctru/lib\libctru.a(mappable.o)
 .bss.ptmSysmRefCount
                0x0011301c        0x4 C:/devkitPro/libctru/lib\libctru.a(ptmsysm.o)
 .bss.ptmSysmHandle
                0x00113020        0x4 C:/devkitPro/libctru/lib\libctru.a(ptmsysm.o)
 .bss.srvPmHandle
                0x00113024        0x4 C:/devkitPro/libctru/lib\libctru.a(srvpm.o)
 .bss.__ctru_linear_heap_size
                0x00113028        0x4 C:/devkitPro/libctru/lib\libctru.a(allocateHeaps.o)
                0x00113028                __ctru_linear_heap_size
 .bss.__ctru_heap_size
                0x0011302c        0x4 C:/devkitPro/libctru/lib\libctru.a(allocateHeaps.o)
                0x0011302c                __ctru_heap_size
 .bss.__ctru_linear_heap
                0x00113030        0x4 C:/devkitPro/libctru/lib\libctru.a(allocateHeaps.o)
                0x00113030                __ctru_linear_heap
 .bss.__ctru_heap
                0x00113034        0x4 C:/devkitPro/libctru/lib\libctru.a(allocateHeaps.o)
                0x00113034                __ctru_heap
 .bss.archive_devices
                0x00113038      0x5c0 C:/devkitPro/libctru/lib\libctru.a(archive_dev.o)
 .bss.archive_device_cwd
                0x001135f8        0x4 C:/devkitPro/libctru/lib\libctru.a(archive_dev.o)
 .bss.archive_initialized
                0x001135fc        0x1 C:/devkitPro/libctru/lib\libctru.a(archive_dev.o)
 *fill*         0x001135fd        0x3 
 .bss.fsExemptArchives
                0x00113600       0x80 C:/devkitPro/libctru/lib\libctru.a(fs.o)
 .bss.fsuRefCount
                0x00113680        0x4 C:/devkitPro/libctru/lib\libctru.a(fs.o)
 .bss.fsuHandle
                0x00113684        0x4 C:/devkitPro/libctru/lib\libctru.a(fs.o)
 .bss.__sfp_recursive_mutex
                0x00113688        0xc C:/devkitPro/devkitARM/bin/../lib/gcc/arm-none-eabi/14.1.0/../../../../arm-none-eabi/lib/armv6k/fpu\libg.a(libc_a-findfp.o)
 *fill*         0x00113694        0x4 
 .bss.__sf      0x00113698      0x168 C:/devkitPro/devkitARM/bin/../lib/gcc/arm-none-eabi/14.1.0/../../../../arm-none-eabi/lib/armv6k/fpu\libg.a(libc_a-findfp.o)
                0x00113698                __sf
 .bss.__stdio_exit_handler
                0x00113800        0x4 C:/devkitPro/devkitARM/bin/../lib/gcc/arm-none-eabi/14.1.0/../../../../arm-none-eabi/lib/armv6k/fpu\libg.a(libc_a-findfp.o)
                0x00113800                __stdio_exit_handler
 .bss.__malloc_current_mallinfo
                0x00113804       0x28 C:/devkitPro/devkitARM/bin/../lib/gcc/arm-none-eabi/14.1.0/../../../../arm-none-eabi/lib/armv6k/fpu\libg.a(libc_a-mallocr.o)
                0x00113804                __malloc_current_mallinfo
 .bss.__malloc_max_total_mem
                0x0011382c        0x4 C:/devkitPro/devkitARM/bin/../lib/gcc/arm-none-eabi/14.1.0/../../../../arm-none-eabi/lib/armv6k/fpu\libg.a(libc_a-mallocr.o)
                0x0011382c                __malloc_max_total_mem
 .bss.__malloc_max_sbrked_mem
                0x00113830        0x4 C:/devkitPro/devkitARM/bin/../lib/gcc/arm-none-eabi/14.1.0/../../../../arm-none-eabi/lib/armv6k/fpu\libg.a(libc_a-mallocr.o)
                0x00113830                __malloc_max_sbrked_mem
 .bss.__malloc_top_pad
                0x00113834        0x4 C:/devkitPro/devkitARM/bin/../lib/gcc/arm-none-eabi/14.1.0/../../../../arm-none-eabi/lib/armv6k/fpu\libg.a(libc_a-mallocr.o)
                0x00113834                __malloc_top_pad
 .bss.__malloc_recursive_mutex
                0x00113838        0xc C:/devkitPro/devkitARM/bin/../lib/gcc/arm-none-eabi/14.1.0/../../../../arm-none-eabi/lib/armv6k/fpu\libg.a(libc_a-mlock.o)
 .bss.temp_cwd  0x00113844      0x400 C:/devkitPro/devkitARM/bin/../lib/gcc/arm-none-eabi/14.1.0/../../../../arm-none-eabi/lib/armv6k/fpu\libsysbase.a(libsysbase_libsysbase_a-chdir.o)
 .bss.__hndl_lock
                0x00113c44        0x4 C:/devkitPro/devkitARM/bin/../lib/gcc/arm-none-eabi/14.1.0/../../../../arm-none-eabi/lib/armv6k/fpu\libsysbase.a(libsysbase_libsysbase_a-handle_manager.o)
 .bss.fake_heap_start
                0x00113c48        0x4 C:/devkitPro/devkitARM/bin/../lib/gcc/arm-none-eabi/14.1.0/../../../../arm-none-eabi/lib/armv6k/fpu\libsysbase.a(libsysbase_libsysbase_a-malloc_vars.o)
                0x00113c48                fake_heap_start
 .bss.fake_heap_end
                0x00113c4c        0x4 C:/devkitPro/devkitARM/bin/../lib/gcc/arm-none-eabi/14.1.0/../../../../arm-none-eabi/lib/armv6k/fpu\libsysbase.a(libsysbase_libsysbase_a-malloc_vars.o)
                0x00113c4c                fake_heap_end
 .bss.heap_start.0
                0x00113c50        0x4 C:/devkitPro/devkitARM/bin/../lib/gcc/arm-none-eabi/14.1.0/../../../../arm-none-eabi/lib/armv6k/fpu\libsysbase.a(libsysbase_libsysbase_a-sbrk.o)
 *(.gnu.linkonce.b*)
 *(COMMON)
                0x00113c54                        . = (0x8 + ABSOLUTE (ALIGN (ABSOLUTE ((. - 0x8)), MAX (ALIGNOF (.tdata), ALIGNOF (.tbss)))))
                0x00113c54                        __tls_start = .
                0x00113c54                        . = (. + SIZEOF (.tdata))
                0x00113c54                        . = ALIGN (ALIGNOF (.tbss))
                0x0011485c                        . = (. + SIZEOF (.tbss))
 *fill*         0x00113c54      0xc08 
                0x0011485c                        __tls_end = .
                0x0011485c                        __bss_end__ = .
                0x0011485c                        __end__ = ABSOLUTE (.)

/DISCARD/
 *(.group .comment .note)

.stab
 *(.stab)

.stabstr
 *(.stabstr)

.stab.excl
 *(.stab.excl)

.stab.exclstr
 *(.stab.exclstr)

.stab.index
 *(.stab.index)

.stab.indexstr
 *(.stab.indexstr)

.debug
 *(.debug)

.line
 *(.line)

.debug_srcinfo
 *(.debug_srcinfo)

.debug_sfnames
 *(.debug_sfnames)

.debug_aranges  0x00000000     0x1680
 *(.debug_aranges)
 .debug_aranges
                0x00000000       0x20 main.o
 .debug_aranges
                0x00000020       0x88 C:/devkitPro/libctru/lib\libctru.a(console.o)
 .debug_aranges
                0x000000a8       0xa0 C:/devkitPro/libctru/lib\libctru.a(gfx.o)
 .debug_aranges
                0x00000148      0x268 C:/devkitPro/libctru/lib\libctru.a(apt.o)
 .debug_aranges
                0x000003b0      0x108 C:/devkitPro/libctru/lib\libctru.a(gspgpu.o)
 .debug_aranges
                0x000004b8       0xd0 C:/devkitPro/libctru/lib\libctru.a(hid.o)
 .debug_aranges
                0x00000588       0x68 C:/devkitPro/libctru/lib\libctru.a(irrst.o)
 .debug_aranges
                0x000005f0       0x20 C:/devkitPro/libctru/lib\libctru.a(ctru_init.o)
 .debug_aranges
                0x00000610       0x20 C:/devkitPro/libctru/lib\libctru.a(initArgv.o)
 .debug_aranges
                0x00000630       0xe0 C:/devkitPro/libctru/lib\libctru.a(syscalls.o)
 .debug_aranges
                0x00000710      0x330 C:/devkitPro/libctru/lib\libctru.a(svc.o)
 .debug_aranges
                0x00000a40       0x28 C:/devkitPro/libctru/lib\libctru.a(stack_adjust.o)
 .debug_aranges
                0x00000a68       0x58 C:/devkitPro/libctru/lib\libctru.a(linear.o)
 .debug_aranges
                0x00000ac0       0x38 C:/devkitPro/libctru/lib\libctru.a(mem_pool.o)
 .debug_aranges
                0x00000af8       0x68 C:/devkitPro/libctru/lib\libctru.a(vram.o)
 .debug_aranges
                0x00000b60       0x20 C:/devkitPro/libctru/lib\libctru.a(3dslink.o)
 .debug_aranges
                0x00000b80       0x28 C:/devkitPro/libctru/lib\libctru.a(env.o)
 .debug_aranges
                0x00000ba8       0x58 C:/devkitPro/libctru/lib\libctru.a(os.o)
 .debug_aranges
                0x00000c00       0xc0 C:/devkitPro/libctru/lib\libctru.a(srv.o)
 .debug_aranges
                0x00000cc0       0xf0 C:/devkitPro/libctru/lib\libctru.a(synchronization.o)
 .debug_aranges
                0x00000db0       0x60 C:/devkitPro/libctru/lib\libctru.a(thread.o)
 .debug_aranges
                0x00000e10       0x38 C:/devkitPro/libctru/lib\libctru.a(mappable.o)
 .debug_aranges
                0x00000e48       0xa0 C:/devkitPro/libctru/lib\libctru.a(ptmsysm.o)
 .debug_aranges
                0x00000ee8       0x50 C:/devkitPro/libctru/lib\libctru.a(srvpm.o)
 .debug_aranges
                0x00000f38       0x20 C:/devkitPro/libctru/lib\libctru.a(rbtree_find.o)
 .debug_aranges
                0x00000f58       0x20 C:/devkitPro/libctru/lib\libctru.a(rbtree_init.o)
 .debug_aranges
                0x00000f78       0x30 C:/devkitPro/libctru/lib\libctru.a(rbtree_insert.o)
 .debug_aranges
                0x00000fa8       0x20 C:/devkitPro/libctru/lib\libctru.a(rbtree_remove.o)
 .debug_aranges
                0x00000fc8       0x20 C:/devkitPro/libctru/lib\libctru.a(rbtree_rotate.o)
 .debug_aranges
                0x00000fe8       0x20 C:/devkitPro/libctru/lib\libctru.a(allocateHeaps.o)
 .debug_aranges
                0x00001008       0x20 C:/devkitPro/libctru/lib\libctru.a(appExit.o)
 .debug_aranges
                0x00001028       0x20 C:/devkitPro/libctru/lib\libctru.a(appInit.o)
 .debug_aranges
                0x00001048       0x20 C:/devkitPro/libctru/lib\libctru.a(ctru_exit.o)
 .debug_aranges
                0x00001068      0x140 C:/devkitPro/libctru/lib\libctru.a(archive_dev.o)
 .debug_aranges
                0x000011a8       0x18 C:/devkitPro/libctru/lib\libctru.a(path_buf.o)
 .debug_aranges
                0x000011c0      0x3b8 C:/devkitPro/libctru/lib\libctru.a(fs.o)
 .debug_aranges
                0x00001578       0x28 C:/devkitPro/libctru/lib\libctru.a(rbtree_iterator.o)
 .debug_aranges
                0x000015a0       0x20 C:/devkitPro/libctru/lib\libctru.a(decode_utf8.o)
 .debug_aranges
                0x000015c0       0x20 C:/devkitPro/libctru/lib\libctru.a(utf16_to_utf8.o)
 .debug_aranges
                0x000015e0       0x20 C:/devkitPro/libctru/lib\libctru.a(utf8_to_utf16.o)
 .debug_aranges
                0x00001600       0x20 C:/devkitPro/libctru/lib\libctru.a(readtp.o)
 .debug_aranges
                0x00001620       0x20 C:/devkitPro/libctru/lib\libctru.a(decode_utf16.o)
 .debug_aranges
                0x00001640       0x20 C:/devkitPro/libctru/lib\libctru.a(encode_utf16.o)
 .debug_aranges
                0x00001660       0x20 C:/devkitPro/libctru/lib\libctru.a(encode_utf8.o)

.debug_pubnames
 *(.debug_pubnames)

.debug_info     0x00000000    0x2d8e6
 *(.debug_info)
 .debug_info    0x00000000      0x50e main.o
 .debug_info    0x0000050e     0x21f3 C:/devkitPro/libctru/lib\libctru.a(console.o)
 .debug_info    0x00002701      0xcfb C:/devkitPro/libctru/lib\libctru.a(gfx.o)
 .debug_info    0x000033fc     0x5593 C:/devkitPro/libctru/lib\libctru.a(apt.o)
 .debug_info    0x0000898f     0x5c04 C:/devkitPro/libctru/lib\libctru.a(gspgpu.o)
 .debug_info    0x0000e593     0x13d8 C:/devkitPro/libctru/lib\libctru.a(hid.o)
 .debug_info    0x0000f96b      0xafc C:/devkitPro/libctru/lib\libctru.a(irrst.o)
 .debug_info    0x00010467      0x185 C:/devkitPro/libctru/lib\libctru.a(ctru_init.o)
 .debug_info    0x000105ec      0x2bc C:/devkitPro/libctru/lib\libctru.a(initArgv.o)
 .debug_info    0x000108a8     0x1765 C:/devkitPro/libctru/lib\libctru.a(syscalls.o)
 .debug_info    0x0001200d       0x23 C:/devkitPro/libctru/lib\libctru.a(svc.o)
 .debug_info    0x00012030       0x23 C:/devkitPro/libctru/lib\libctru.a(stack_adjust.o)
 .debug_info    0x00012053     0x1155 C:/devkitPro/libctru/lib\libctru.a(linear.o)
 .debug_info    0x000131a8     0x1001 C:/devkitPro/libctru/lib\libctru.a(mem_pool.o)
 .debug_info    0x000141a9     0x173a C:/devkitPro/libctru/lib\libctru.a(vram.o)
 .debug_info    0x000158e3      0xa42 C:/devkitPro/libctru/lib\libctru.a(3dslink.o)
 .debug_info    0x00016325      0x2a9 C:/devkitPro/libctru/lib\libctru.a(env.o)
 .debug_info    0x000165ce      0x6cc C:/devkitPro/libctru/lib\libctru.a(os.o)
 .debug_info    0x00016c9a     0x1af2 C:/devkitPro/libctru/lib\libctru.a(srv.o)
 .debug_info    0x0001878c     0x2956 C:/devkitPro/libctru/lib\libctru.a(synchronization.o)
 .debug_info    0x0001b0e2     0x1152 C:/devkitPro/libctru/lib\libctru.a(thread.o)
 .debug_info    0x0001c234      0x36d C:/devkitPro/libctru/lib\libctru.a(mappable.o)
 .debug_info    0x0001c5a1      0xb06 C:/devkitPro/libctru/lib\libctru.a(ptmsysm.o)
 .debug_info    0x0001d0a7      0x872 C:/devkitPro/libctru/lib\libctru.a(srvpm.o)
 .debug_info    0x0001d919      0x1e0 C:/devkitPro/libctru/lib\libctru.a(rbtree_find.o)
 .debug_info    0x0001daf9      0x17c C:/devkitPro/libctru/lib\libctru.a(rbtree_init.o)
 .debug_info    0x0001dc75      0x667 C:/devkitPro/libctru/lib\libctru.a(rbtree_insert.o)
 .debug_info    0x0001e2dc      0x960 C:/devkitPro/libctru/lib\libctru.a(rbtree_remove.o)
 .debug_info    0x0001ec3c      0x358 C:/devkitPro/libctru/lib\libctru.a(rbtree_rotate.o)
 .debug_info    0x0001ef94      0x529 C:/devkitPro/libctru/lib\libctru.a(allocateHeaps.o)
 .debug_info    0x0001f4bd      0x13d C:/devkitPro/libctru/lib\libctru.a(appExit.o)
 .debug_info    0x0001f5fa      0x148 C:/devkitPro/libctru/lib\libctru.a(appInit.o)
 .debug_info    0x0001f742      0x2b7 C:/devkitPro/libctru/lib\libctru.a(ctru_exit.o)
 .debug_info    0x0001f9f9     0x42b1 C:/devkitPro/libctru/lib\libctru.a(archive_dev.o)
 .debug_info    0x00023caa       0xd7 C:/devkitPro/libctru/lib\libctru.a(path_buf.o)
 .debug_info    0x00023d81     0x8f48 C:/devkitPro/libctru/lib\libctru.a(fs.o)
 .debug_info    0x0002ccc9      0x351 C:/devkitPro/libctru/lib\libctru.a(rbtree_iterator.o)
 .debug_info    0x0002d01a      0x158 C:/devkitPro/libctru/lib\libctru.a(decode_utf8.o)
 .debug_info    0x0002d172      0x205 C:/devkitPro/libctru/lib\libctru.a(utf16_to_utf8.o)
 .debug_info    0x0002d377      0x205 C:/devkitPro/libctru/lib\libctru.a(utf8_to_utf16.o)
 .debug_info    0x0002d57c       0x24 C:/devkitPro/libctru/lib\libctru.a(readtp.o)
 .debug_info    0x0002d5a0      0x134 C:/devkitPro/libctru/lib\libctru.a(decode_utf16.o)
 .debug_info    0x0002d6d4      0x109 C:/devkitPro/libctru/lib\libctru.a(encode_utf16.o)
 .debug_info    0x0002d7dd      0x109 C:/devkitPro/libctru/lib\libctru.a(encode_utf8.o)

.debug_abbrev   0x00000000     0x70f0
 *(.debug_abbrev)
 .debug_abbrev  0x00000000      0x1a6 main.o
 .debug_abbrev  0x000001a6      0x5df C:/devkitPro/libctru/lib\libctru.a(console.o)
 .debug_abbrev  0x00000785      0x389 C:/devkitPro/libctru/lib\libctru.a(gfx.o)
 .debug_abbrev  0x00000b0e      0x763 C:/devkitPro/libctru/lib\libctru.a(apt.o)
 .debug_abbrev  0x00001271      0x62a C:/devkitPro/libctru/lib\libctru.a(gspgpu.o)
 .debug_abbrev  0x0000189b      0x516 C:/devkitPro/libctru/lib\libctru.a(hid.o)
 .debug_abbrev  0x00001db1      0x38b C:/devkitPro/libctru/lib\libctru.a(irrst.o)
 .debug_abbrev  0x0000213c      0x129 C:/devkitPro/libctru/lib\libctru.a(ctru_init.o)
 .debug_abbrev  0x00002265      0x198 C:/devkitPro/libctru/lib\libctru.a(initArgv.o)
 .debug_abbrev  0x000023fd      0x4f5 C:/devkitPro/libctru/lib\libctru.a(syscalls.o)
 .debug_abbrev  0x000028f2       0x12 C:/devkitPro/libctru/lib\libctru.a(svc.o)
 .debug_abbrev  0x00002904       0x12 C:/devkitPro/libctru/lib\libctru.a(stack_adjust.o)
 .debug_abbrev  0x00002916      0x43f C:/devkitPro/libctru/lib\libctru.a(linear.o)
 .debug_abbrev  0x00002d55      0x3a5 C:/devkitPro/libctru/lib\libctru.a(mem_pool.o)
 .debug_abbrev  0x000030fa      0x489 C:/devkitPro/libctru/lib\libctru.a(vram.o)
 .debug_abbrev  0x00003583      0x259 C:/devkitPro/libctru/lib\libctru.a(3dslink.o)
 .debug_abbrev  0x000037dc      0x1bf C:/devkitPro/libctru/lib\libctru.a(env.o)
 .debug_abbrev  0x0000399b      0x2b2 C:/devkitPro/libctru/lib\libctru.a(os.o)
 .debug_abbrev  0x00003c4d      0x514 C:/devkitPro/libctru/lib\libctru.a(srv.o)
 .debug_abbrev  0x00004161      0x4f2 C:/devkitPro/libctru/lib\libctru.a(synchronization.o)
 .debug_abbrev  0x00004653      0x495 C:/devkitPro/libctru/lib\libctru.a(thread.o)
 .debug_abbrev  0x00004ae8      0x1d3 C:/devkitPro/libctru/lib\libctru.a(mappable.o)
 .debug_abbrev  0x00004cbb      0x24f C:/devkitPro/libctru/lib\libctru.a(ptmsysm.o)
 .debug_abbrev  0x00004f0a      0x2f1 C:/devkitPro/libctru/lib\libctru.a(srvpm.o)
 .debug_abbrev  0x000051fb      0x107 C:/devkitPro/libctru/lib\libctru.a(rbtree_find.o)
 .debug_abbrev  0x00005302       0xc1 C:/devkitPro/libctru/lib\libctru.a(rbtree_init.o)
 .debug_abbrev  0x000053c3      0x228 C:/devkitPro/libctru/lib\libctru.a(rbtree_insert.o)
 .debug_abbrev  0x000055eb      0x276 C:/devkitPro/libctru/lib\libctru.a(rbtree_remove.o)
 .debug_abbrev  0x00005861      0x1bc C:/devkitPro/libctru/lib\libctru.a(rbtree_rotate.o)
 .debug_abbrev  0x00005a1d      0x193 C:/devkitPro/libctru/lib\libctru.a(allocateHeaps.o)
 .debug_abbrev  0x00005bb0       0x9e C:/devkitPro/libctru/lib\libctru.a(appExit.o)
 .debug_abbrev  0x00005c4e       0x93 C:/devkitPro/libctru/lib\libctru.a(appInit.o)
 .debug_abbrev  0x00005ce1      0x15a C:/devkitPro/libctru/lib\libctru.a(ctru_exit.o)
 .debug_abbrev  0x00005e3b      0x656 C:/devkitPro/libctru/lib\libctru.a(archive_dev.o)
 .debug_abbrev  0x00006491       0x6f C:/devkitPro/libctru/lib\libctru.a(path_buf.o)
 .debug_abbrev  0x00006500      0x620 C:/devkitPro/libctru/lib\libctru.a(fs.o)
 .debug_abbrev  0x00006b20      0x1a6 C:/devkitPro/libctru/lib\libctru.a(rbtree_iterator.o)
 .debug_abbrev  0x00006cc6       0x93 C:/devkitPro/libctru/lib\libctru.a(decode_utf8.o)
 .debug_abbrev  0x00006d59      0x104 C:/devkitPro/libctru/lib\libctru.a(utf16_to_utf8.o)
 .debug_abbrev  0x00006e5d      0x104 C:/devkitPro/libctru/lib\libctru.a(utf8_to_utf16.o)
 .debug_abbrev  0x00006f61       0x14 C:/devkitPro/libctru/lib\libctru.a(readtp.o)
 .debug_abbrev  0x00006f75       0x93 C:/devkitPro/libctru/lib\libctru.a(decode_utf16.o)
 .debug_abbrev  0x00007008       0x74 C:/devkitPro/libctru/lib\libctru.a(encode_utf16.o)